===
name: static element
options: default
--- INPUT ---
<div>static</div>
--- OUTPUT ---
import { openBlock as _openBlock, createElementBlock as _createElementBlock } from "vue"

export function render(_ctx, _cache) {
  return (_openBlock(), _createElementBlock("div", null, "static"))
}

===
name: static with class
options: default
--- INPUT ---
<div class="container">static</div>
--- OUTPUT ---
import { openBlock as _openBlock, createElementBlock as _createElementBlock } from "vue"

export function render(_ctx, _cache) {
  return (_openBlock(), _createElementBlock("div", { class: "container" }, "static"))
}

===
name: static with multiple attrs
options: default
--- INPUT ---
<div id="app" class="container">static</div>
--- OUTPUT ---
import { openBlock as _openBlock, createElementBlock as _createElementBlock } from "vue"

export function render(_ctx, _cache) {
  return (_openBlock(), _createElementBlock("div", {
    id: "app",
    class: "container"
  }, "static"))
}

===
name: static nested
options: default
--- INPUT ---
<div><span>static</span></div>
--- OUTPUT ---
import { createElementVNode as _createElementVNode, openBlock as _openBlock, createElementBlock as _createElementBlock } from "vue"

export function render(_ctx, _cache) {
  return (_openBlock(), _createElementBlock("div", null, [
    _createElementVNode("span", null, "static")
  ]))
}

===
name: deeply nested static
options: default
--- INPUT ---
<div><p><span>deep</span></p></div>
--- OUTPUT ---
import { createElementVNode as _createElementVNode, openBlock as _openBlock, createElementBlock as _createElementBlock } from "vue"

export function render(_ctx, _cache) {
  return (_openBlock(), _createElementBlock("div", null, [
    _createElementVNode("p", null, [
      _createElementVNode("span", null, "deep")
    ])
  ]))
}

===
name: static sibling of dynamic
options: default
--- INPUT ---
<div><span>static</span><span>{{ dynamic }}</span></div>
--- OUTPUT ---
import { createElementVNode as _createElementVNode, toDisplayString as _toDisplayString, openBlock as _openBlock, createElementBlock as _createElementBlock } from "vue"

export function render(_ctx, _cache) {
  return (_openBlock(), _createElementBlock("div", null, [
    _createElementVNode("span", null, "static"),
    _createElementVNode("span", null, _toDisplayString(_ctx.dynamic), 1 /* TEXT */)
  ]))
}

===
name: static parent dynamic child
options: default
--- INPUT ---
<div class="container"><span>{{ msg }}</span></div>
--- OUTPUT ---
import { toDisplayString as _toDisplayString, createElementVNode as _createElementVNode, openBlock as _openBlock, createElementBlock as _createElementBlock } from "vue"

export function render(_ctx, _cache) {
  return (_openBlock(), _createElementBlock("div", { class: "container" }, [
    _createElementVNode("span", null, _toDisplayString(_ctx.msg), 1 /* TEXT */)
  ]))
}

===
name: dynamic parent static children
options: default
--- INPUT ---
<div :class="cls"><span>a</span><span>b</span></div>
--- OUTPUT ---
import { createElementVNode as _createElementVNode, normalizeClass as _normalizeClass, openBlock as _openBlock, createElementBlock as _createElementBlock } from "vue"

export function render(_ctx, _cache) {
  return (_openBlock(), _createElementBlock("div", {
    class: _normalizeClass(_ctx.cls)
  }, [
    _createElementVNode("span", null, "a"),
    _createElementVNode("span", null, "b")
  ], 2 /* CLASS */))
}

===
name: static object props
options: default
--- INPUT ---
<div :style="{ color: 'red' }">content</div>
--- OUTPUT ---
import { openBlock as _openBlock, createElementBlock as _createElementBlock } from "vue"

export function render(_ctx, _cache) {
  return (_openBlock(), _createElementBlock("div", { style: { color: 'red' } }, "content"))
}

===
name: static array props
options: default
--- INPUT ---
<div :class="['a', 'b']">content</div>
--- OUTPUT ---
import { normalizeClass as _normalizeClass, openBlock as _openBlock, createElementBlock as _createElementBlock } from "vue"

export function render(_ctx, _cache) {
  return (_openBlock(), _createElementBlock("div", {
    class: _normalizeClass(['a', 'b'])
  }, "content"))
}

===
name: static inside v-for
options: default
--- INPUT ---
<div v-for="item in items" :key="item.id"><span class="static">label:</span>{{ item.name }}</div>
--- OUTPUT ---
import { renderList as _renderList, Fragment as _Fragment, openBlock as _openBlock, createElementBlock as _createElementBlock, createElementVNode as _createElementVNode, toDisplayString as _toDisplayString, createTextVNode as _createTextVNode } from "vue"

export function render(_ctx, _cache) {
  return (_openBlock(true), _createElementBlock(_Fragment, null, _renderList(_ctx.items, (item) => {
    return (_openBlock(), _createElementBlock("div", {
      key: item.id
    }, [
      _createElementVNode("span", { class: "static" }, "label:"),
      _createTextVNode(_toDisplayString(item.name), 1 /* TEXT */)
    ]))
  }), 128 /* KEYED_FRAGMENT */))
}

===
name: static sibling in v-for
options: default
--- INPUT ---
<ul><li v-for="item in items" :key="item.id"><span>•</span> {{ item }}</li></ul>
--- OUTPUT ---
import { renderList as _renderList, Fragment as _Fragment, openBlock as _openBlock, createElementBlock as _createElementBlock, createElementVNode as _createElementVNode, toDisplayString as _toDisplayString, createTextVNode as _createTextVNode } from "vue"

export function render(_ctx, _cache) {
  return (_openBlock(), _createElementBlock("ul", null, [
    (_openBlock(true), _createElementBlock(_Fragment, null, _renderList(_ctx.items, (item) => {
      return (_openBlock(), _createElementBlock("li", {
        key: item.id
      }, [
        _createElementVNode("span", null, "•"),
        _createTextVNode(" " + _toDisplayString(item), 1 /* TEXT */)
      ]))
    }), 128 /* KEYED_FRAGMENT */))
  ]))
}

===
name: dynamic text
options: default
--- INPUT ---
<div>{{ msg }}</div>
--- OUTPUT ---
import { toDisplayString as _toDisplayString, openBlock as _openBlock, createElementBlock as _createElementBlock } from "vue"

export function render(_ctx, _cache) {
  return (_openBlock(), _createElementBlock("div", null, _toDisplayString(_ctx.msg), 1 /* TEXT */))
}

===
name: dynamic attribute
options: default
--- INPUT ---
<div :id="dynamicId">content</div>
--- OUTPUT ---
import { openBlock as _openBlock, createElementBlock as _createElementBlock } from "vue"

export function render(_ctx, _cache) {
  return (_openBlock(), _createElementBlock("div", { id: _ctx.dynamicId }, "content", 8 /* PROPS */, ["id"]))
}

===
name: event handler
options: default
--- INPUT ---
<button @click="handler">click</button>
--- OUTPUT ---
import { openBlock as _openBlock, createElementBlock as _createElementBlock } from "vue"

export function render(_ctx, _cache) {
  return (_openBlock(), _createElementBlock("button", { onClick: _ctx.handler }, "click", 8 /* PROPS */, ["onClick"]))
}

===
name: v-if
options: default
--- INPUT ---
<div v-if="show">conditional</div>
--- OUTPUT ---
import { openBlock as _openBlock, createElementBlock as _createElementBlock, createCommentVNode as _createCommentVNode } from "vue"

export function render(_ctx, _cache) {
  return (_ctx.show)
    ? (_openBlock(), _createElementBlock("div", { key: 0 }, "conditional"))
    : _createCommentVNode("v-if", true)
}

===
name: single static child optimization
options: default
--- INPUT ---
<div><span>only child</span></div>
--- OUTPUT ---
import { createElementVNode as _createElementVNode, openBlock as _openBlock, createElementBlock as _createElementBlock } from "vue"

export function render(_ctx, _cache) {
  return (_openBlock(), _createElementBlock("div", null, [
    _createElementVNode("span", null, "only child")
  ]))
}

===
name: multiple static children
options: default
--- INPUT ---
<div><span>a</span><span>b</span><span>c</span></div>
--- OUTPUT ---
import { createElementVNode as _createElementVNode, openBlock as _openBlock, createElementBlock as _createElementBlock } from "vue"

export function render(_ctx, _cache) {
  return (_openBlock(), _createElementBlock("div", null, [
    _createElementVNode("span", null, "a"),
    _createElementVNode("span", null, "b"),
    _createElementVNode("span", null, "c")
  ]))
}

===
name: static with comment
options: default
--- INPUT ---
<div><!-- comment -->static</div>
--- OUTPUT ---
import { createCommentVNode as _createCommentVNode, createTextVNode as _createTextVNode, openBlock as _openBlock, createElementBlock as _createElementBlock } from "vue"

export function render(_ctx, _cache) {
  return (_openBlock(), _createElementBlock("div", null, [
    _createCommentVNode(" comment "),
    _createTextVNode("static")
  ]))
}

===
name: whitespace handling
options: default
--- INPUT ---
<div>  <span>a</span>  <span>b</span></div>
--- OUTPUT ---
import { createElementVNode as _createElementVNode, createTextVNode as _createTextVNode, openBlock as _openBlock, createElementBlock as _createElementBlock } from "vue"

export function render(_ctx, _cache) {
  return (_openBlock(), _createElementBlock("div", null, [
    _createElementVNode("span", null, "a"),
    _createTextVNode(),
    _createElementVNode("span", null, "b")
  ]))
}
