===
name: text patch flag
options: default
--- INPUT ---
<div>{{ msg }}</div>
--- OUTPUT ---
import { toDisplayString as _toDisplayString, openBlock as _openBlock, createElementBlock as _createElementBlock } from "vue"

export function render(_ctx, _cache) {
  return (_openBlock(), _createElementBlock("div", null, _toDisplayString(_ctx.msg), 1 /* TEXT */))
}

===
name: text in span
options: default
--- INPUT ---
<span>{{ text }}</span>
--- OUTPUT ---
import { toDisplayString as _toDisplayString, openBlock as _openBlock, createElementBlock as _createElementBlock } from "vue"

export function render(_ctx, _cache) {
  return (_openBlock(), _createElementBlock("span", null, _toDisplayString(_ctx.text), 1 /* TEXT */))
}

===
name: multiple interpolations
options: default
--- INPUT ---
<div>{{ a }} {{ b }}</div>
--- OUTPUT ---
import { toDisplayString as _toDisplayString, openBlock as _openBlock, createElementBlock as _createElementBlock } from "vue"

export function render(_ctx, _cache) {
  return (_openBlock(), _createElementBlock("div", null, _toDisplayString(_ctx.a) + " " + _toDisplayString(_ctx.b), 1 /* TEXT */))
}

===
name: class patch flag
options: default
--- INPUT ---
<div :class="cls"></div>
--- OUTPUT ---
import { normalizeClass as _normalizeClass, openBlock as _openBlock, createElementBlock as _createElementBlock } from "vue"

export function render(_ctx, _cache) {
  return (_openBlock(), _createElementBlock("div", {
    class: _normalizeClass(_ctx.cls)
  }, null, 2 /* CLASS */))
}

===
name: class object
options: default
--- INPUT ---
<div :class="{ active: isActive }"></div>
--- OUTPUT ---
import { normalizeClass as _normalizeClass, openBlock as _openBlock, createElementBlock as _createElementBlock } from "vue"

export function render(_ctx, _cache) {
  return (_openBlock(), _createElementBlock("div", {
    class: _normalizeClass({ active: _ctx.isActive })
  }, null, 2 /* CLASS */))
}

===
name: class array
options: default
--- INPUT ---
<div :class="[a, b]"></div>
--- OUTPUT ---
import { normalizeClass as _normalizeClass, openBlock as _openBlock, createElementBlock as _createElementBlock } from "vue"

export function render(_ctx, _cache) {
  return (_openBlock(), _createElementBlock("div", {
    class: _normalizeClass([_ctx.a, _ctx.b])
  }, null, 2 /* CLASS */))
}

===
name: style patch flag
options: default
--- INPUT ---
<div :style="styles"></div>
--- OUTPUT ---
import { normalizeStyle as _normalizeStyle, openBlock as _openBlock, createElementBlock as _createElementBlock } from "vue"

export function render(_ctx, _cache) {
  return (_openBlock(), _createElementBlock("div", {
    style: _normalizeStyle(_ctx.styles)
  }, null, 4 /* STYLE */))
}

===
name: style object
options: default
--- INPUT ---
<div :style="{ color: textColor }"></div>
--- OUTPUT ---
import { normalizeStyle as _normalizeStyle, openBlock as _openBlock, createElementBlock as _createElementBlock } from "vue"

export function render(_ctx, _cache) {
  return (_openBlock(), _createElementBlock("div", {
    style: _normalizeStyle({ color: _ctx.textColor })
  }, null, 4 /* STYLE */))
}

===
name: style array
options: default
--- INPUT ---
<div :style="[a, b]"></div>
--- OUTPUT ---
import { normalizeStyle as _normalizeStyle, openBlock as _openBlock, createElementBlock as _createElementBlock } from "vue"

export function render(_ctx, _cache) {
  return (_openBlock(), _createElementBlock("div", {
    style: _normalizeStyle([_ctx.a, _ctx.b])
  }, null, 4 /* STYLE */))
}

===
name: props patch flag
options: default
--- INPUT ---
<div :id="id"></div>
--- OUTPUT ---
import { openBlock as _openBlock, createElementBlock as _createElementBlock } from "vue"

export function render(_ctx, _cache) {
  return (_openBlock(), _createElementBlock("div", { id: _ctx.id }, null, 8 /* PROPS */, ["id"]))
}

===
name: multiple dynamic props
options: default
--- INPUT ---
<div :id="id" :title="title"></div>
--- OUTPUT ---
import { openBlock as _openBlock, createElementBlock as _createElementBlock } from "vue"

export function render(_ctx, _cache) {
  return (_openBlock(), _createElementBlock("div", {
    id: _ctx.id,
    title: _ctx.title
  }, null, 8 /* PROPS */, ["id", "title"]))
}

===
name: dynamic data attribute
options: default
--- INPUT ---
<div :data-id="id"></div>
--- OUTPUT ---
import { openBlock as _openBlock, createElementBlock as _createElementBlock } from "vue"

export function render(_ctx, _cache) {
  return (_openBlock(), _createElementBlock("div", { "data-id": _ctx.id }, null, 8 /* PROPS */, ["data-id"]))
}

===
name: v-bind object
options: default
--- INPUT ---
<div v-bind="props"></div>
--- OUTPUT ---
import { normalizeProps as _normalizeProps, guardReactiveProps as _guardReactiveProps, openBlock as _openBlock, createElementBlock as _createElementBlock } from "vue"

export function render(_ctx, _cache) {
  return (_openBlock(), _createElementBlock("div", _normalizeProps(_guardReactiveProps(_ctx.props)), null, 16 /* FULL_PROPS */))
}

===
name: dynamic key
options: default
--- INPUT ---
<div :[key]="value"></div>
--- OUTPUT ---
import { normalizeProps as _normalizeProps, openBlock as _openBlock, createElementBlock as _createElementBlock } from "vue"

export function render(_ctx, _cache) {
  return (_openBlock(), _createElementBlock("div", _normalizeProps({ [_ctx.key || ""]: _ctx.value }), null, 16 /* FULL_PROPS */))
}

===
name: event handler
options: default
--- INPUT ---
<button @click="handler">click</button>
--- OUTPUT ---
import { openBlock as _openBlock, createElementBlock as _createElementBlock } from "vue"

export function render(_ctx, _cache) {
  return (_openBlock(), _createElementBlock("button", { onClick: _ctx.handler }, "click", 8 /* PROPS */, ["onClick"]))
}

===
name: ref
options: default
--- INPUT ---
<div ref="el"></div>
--- OUTPUT ---
import { openBlock as _openBlock, createElementBlock as _createElementBlock } from "vue"

export function render(_ctx, _cache) {
  return (_openBlock(), _createElementBlock("div", { ref: "el" }, null, 512 /* NEED_PATCH */))
}

===
name: text and class
options: default
--- INPUT ---
<div :class="cls">{{ msg }}</div>
--- OUTPUT ---
import { toDisplayString as _toDisplayString, normalizeClass as _normalizeClass, openBlock as _openBlock, createElementBlock as _createElementBlock } from "vue"

export function render(_ctx, _cache) {
  return (_openBlock(), _createElementBlock("div", {
    class: _normalizeClass(_ctx.cls)
  }, _toDisplayString(_ctx.msg), 3 /* TEXT, CLASS */))
}

===
name: class and style
options: default
--- INPUT ---
<div :class="cls" :style="style"></div>
--- OUTPUT ---
import { normalizeClass as _normalizeClass, normalizeStyle as _normalizeStyle, openBlock as _openBlock, createElementBlock as _createElementBlock } from "vue"

export function render(_ctx, _cache) {
  return (_openBlock(), _createElementBlock("div", {
    class: _normalizeClass(_ctx.cls),
    style: _normalizeStyle(_ctx.style)
  }, null, 6 /* CLASS, STYLE */))
}

===
name: text and props
options: default
--- INPUT ---
<div :id="id">{{ msg }}</div>
--- OUTPUT ---
import { toDisplayString as _toDisplayString, openBlock as _openBlock, createElementBlock as _createElementBlock } from "vue"

export function render(_ctx, _cache) {
  return (_openBlock(), _createElementBlock("div", { id: _ctx.id }, _toDisplayString(_ctx.msg), 9 /* TEXT, PROPS */, ["id"]))
}

===
name: all dynamic
options: default
--- INPUT ---
<div :id="id" :class="cls" :style="style">{{ msg }}</div>
--- OUTPUT ---
import { toDisplayString as _toDisplayString, normalizeClass as _normalizeClass, normalizeStyle as _normalizeStyle, openBlock as _openBlock, createElementBlock as _createElementBlock } from "vue"

export function render(_ctx, _cache) {
  return (_openBlock(), _createElementBlock("div", {
    id: _ctx.id,
    class: _normalizeClass(_ctx.cls),
    style: _normalizeStyle(_ctx.style)
  }, _toDisplayString(_ctx.msg), 15 /* TEXT, CLASS, STYLE, PROPS */, ["id"]))
}

===
name: v-for with key
options: default
--- INPUT ---
<div v-for="item in items" :key="item.id">{{ item }}</div>
--- OUTPUT ---
import { renderList as _renderList, Fragment as _Fragment, openBlock as _openBlock, createElementBlock as _createElementBlock, toDisplayString as _toDisplayString } from "vue"

export function render(_ctx, _cache) {
  return (_openBlock(true), _createElementBlock(_Fragment, null, _renderList(_ctx.items, (item) => {
    return (_openBlock(), _createElementBlock("div", {
      key: item.id
    }, _toDisplayString(item), 1 /* TEXT */))
  }), 128 /* KEYED_FRAGMENT */))
}

===
name: v-for without key
options: default
--- INPUT ---
<div v-for="item in items">{{ item }}</div>
--- OUTPUT ---
import { renderList as _renderList, Fragment as _Fragment, openBlock as _openBlock, createElementBlock as _createElementBlock, toDisplayString as _toDisplayString } from "vue"

export function render(_ctx, _cache) {
  return (_openBlock(true), _createElementBlock(_Fragment, null, _renderList(_ctx.items, (item) => {
    return (_openBlock(), _createElementBlock("div", null, _toDisplayString(item), 1 /* TEXT */))
  }), 256 /* UNKEYED_FRAGMENT */))
}

===
name: ref on element
options: default
--- INPUT ---
<div ref="el">content</div>
--- OUTPUT ---
import { openBlock as _openBlock, createElementBlock as _createElementBlock } from "vue"

export function render(_ctx, _cache) {
  return (_openBlock(), _createElementBlock("div", { ref: "el" }, "content", 512 /* NEED_PATCH */))
}

===
name: directive on static
options: default
--- INPUT ---
<div v-focus>content</div>
--- OUTPUT ---
import { createTextVNode as _createTextVNode, resolveDirective as _resolveDirective, openBlock as _openBlock, createElementBlock as _createElementBlock, withDirectives as _withDirectives } from "vue"

export function render(_ctx, _cache) {
  const _directive_focus = _resolveDirective("focus")

  return _withDirectives((_openBlock(), _createElementBlock("div", null, [
    _createTextVNode("content")
  ])), [
    [_directive_focus]
  ])
}

===
name: dynamic slot name
options: default
--- INPUT ---
<MyComponent><template #[name]>content</template></MyComponent>
--- OUTPUT ---
import { createTextVNode as _createTextVNode, resolveComponent as _resolveComponent, withCtx as _withCtx, openBlock as _openBlock, createBlock as _createBlock } from "vue"

export function render(_ctx, _cache) {
  const _component_MyComponent = _resolveComponent("MyComponent")

  return (_openBlock(), _createBlock(_component_MyComponent, null, {
    [_ctx.name]: _withCtx(() => [
      _createTextVNode("content")
    ]),
    _: 2 /* DYNAMIC */
  }, 1024 /* DYNAMIC_SLOTS */))
}

===
name: slot with v-if
options: default
--- INPUT ---
<MyComponent><template #header v-if="show">Header</template></MyComponent>
--- OUTPUT ---
import { createTextVNode as _createTextVNode, resolveComponent as _resolveComponent, withCtx as _withCtx, createSlots as _createSlots, openBlock as _openBlock, createBlock as _createBlock } from "vue"

export function render(_ctx, _cache) {
  const _component_MyComponent = _resolveComponent("MyComponent")

  return (_openBlock(), _createBlock(_component_MyComponent, null, _createSlots({ _: 2 /* DYNAMIC */ }, [
    (_ctx.show)
      ? {
          name: "header",
          fn: _withCtx(() => [
            _createTextVNode("Header")
          ]),
          key: "0"
        }
      : undefined
  ]), 1024 /* DYNAMIC_SLOTS */))
}

===
name: slot with v-for
options: default
--- INPUT ---
<MyComponent><template #item v-for="item in items" :key="item">{{ item }}</template></MyComponent>
--- OUTPUT ---
import { toDisplayString as _toDisplayString, createTextVNode as _createTextVNode, resolveComponent as _resolveComponent, withCtx as _withCtx, renderList as _renderList, createSlots as _createSlots, openBlock as _openBlock, createBlock as _createBlock } from "vue"

export function render(_ctx, _cache) {
  const _component_MyComponent = _resolveComponent("MyComponent")

  return (_openBlock(), _createBlock(_component_MyComponent, null, _createSlots({ _: 2 /* DYNAMIC */ }, [
    _renderList(_ctx.items, (item) => {
      return {
        name: "item",
        fn: _withCtx(() => [
          _createTextVNode(_toDisplayString(item), 1 /* TEXT */)
        ])
      }
    })
  ]), 1024 /* DYNAMIC_SLOTS */))
}

===
name: component static props
options: default
--- INPUT ---
<MyComponent msg="hello" />
--- OUTPUT ---
import { resolveComponent as _resolveComponent, openBlock as _openBlock, createBlock as _createBlock } from "vue"

export function render(_ctx, _cache) {
  const _component_MyComponent = _resolveComponent("MyComponent")

  return (_openBlock(), _createBlock(_component_MyComponent, { msg: "hello" }))
}

===
name: component dynamic props
options: default
--- INPUT ---
<MyComponent :msg="message" />
--- OUTPUT ---
import { resolveComponent as _resolveComponent, openBlock as _openBlock, createBlock as _createBlock } from "vue"

export function render(_ctx, _cache) {
  const _component_MyComponent = _resolveComponent("MyComponent")

  return (_openBlock(), _createBlock(_component_MyComponent, { msg: _ctx.message }, null, 8 /* PROPS */, ["msg"]))
}

===
name: component mixed props
options: default
--- INPUT ---
<MyComponent static="value" :dynamic="value" />
--- OUTPUT ---
import { resolveComponent as _resolveComponent, openBlock as _openBlock, createBlock as _createBlock } from "vue"

export function render(_ctx, _cache) {
  const _component_MyComponent = _resolveComponent("MyComponent")

  return (_openBlock(), _createBlock(_component_MyComponent, {
    static: "value",
    dynamic: _ctx.value
  }, null, 8 /* PROPS */, ["dynamic"]))
}
