===
name: simple v-if
options: default
--- INPUT ---
<div v-if="show"></div>
--- OUTPUT ---
import { openBlock as _openBlock, createElementBlock as _createElementBlock, createCommentVNode as _createCommentVNode } from "vue"

export function render(_ctx, _cache) {
  return (_ctx.show)
    ? (_openBlock(), _createElementBlock("div", { key: 0 }))
    : _createCommentVNode("v-if", true)
}

===
name: v-if with content
options: default
--- INPUT ---
<div v-if="show">content</div>
--- OUTPUT ---
import { openBlock as _openBlock, createElementBlock as _createElementBlock, createCommentVNode as _createCommentVNode } from "vue"

export function render(_ctx, _cache) {
  return (_ctx.show)
    ? (_openBlock(), _createElementBlock("div", { key: 0 }, "content"))
    : _createCommentVNode("v-if", true)
}

===
name: v-if with interpolation
options: default
--- INPUT ---
<div v-if="show">{{ msg }}</div>
--- OUTPUT ---
import { toDisplayString as _toDisplayString, openBlock as _openBlock, createElementBlock as _createElementBlock, createCommentVNode as _createCommentVNode } from "vue"

export function render(_ctx, _cache) {
  return (_ctx.show)
    ? (_openBlock(), _createElementBlock("div", { key: 0 }, _toDisplayString(_ctx.msg), 1 /* TEXT */))
    : _createCommentVNode("v-if", true)
}

===
name: v-if on component
options: default
--- INPUT ---
<MyComponent v-if="show" />
--- OUTPUT ---
import { resolveComponent as _resolveComponent, openBlock as _openBlock, createBlock as _createBlock, createCommentVNode as _createCommentVNode } from "vue"

export function render(_ctx, _cache) {
  const _component_MyComponent = _resolveComponent("MyComponent")

  return (_ctx.show)
    ? (_openBlock(), _createBlock(_component_MyComponent, { key: 0 }))
    : _createCommentVNode("v-if", true)
}

===
name: v-if with v-else
options: default
--- INPUT ---
<div v-if="show">yes</div><div v-else>no</div>
--- OUTPUT ---
import { openBlock as _openBlock, createElementBlock as _createElementBlock, createCommentVNode as _createCommentVNode } from "vue"

export function render(_ctx, _cache) {
  return (_ctx.show)
    ? (_openBlock(), _createElementBlock("div", { key: 0 }, "yes"))
    : (_openBlock(), _createElementBlock("div", { key: 1 }, "no"))
}

===
name: v-if/v-else on components
options: default
--- INPUT ---
<Foo v-if="show" /><Bar v-else />
--- OUTPUT ---
import { resolveComponent as _resolveComponent, openBlock as _openBlock, createBlock as _createBlock, createCommentVNode as _createCommentVNode } from "vue"

export function render(_ctx, _cache) {
  const _component_Foo = _resolveComponent("Foo")
  const _component_Bar = _resolveComponent("Bar")

  return (_ctx.show)
    ? (_openBlock(), _createBlock(_component_Foo, { key: 0 }))
    : (_openBlock(), _createBlock(_component_Bar, { key: 1 }))
}

===
name: v-if/v-else same element
options: default
--- INPUT ---
<div v-if="show">A</div><div v-else>B</div>
--- OUTPUT ---
import { openBlock as _openBlock, createElementBlock as _createElementBlock, createCommentVNode as _createCommentVNode } from "vue"

export function render(_ctx, _cache) {
  return (_ctx.show)
    ? (_openBlock(), _createElementBlock("div", { key: 0 }, "A"))
    : (_openBlock(), _createElementBlock("div", { key: 1 }, "B"))
}

===
name: v-if/v-else-if/v-else
options: default
--- INPUT ---
<div v-if="a">A</div><div v-else-if="b">B</div><div v-else>C</div>
--- OUTPUT ---
import { openBlock as _openBlock, createElementBlock as _createElementBlock, createCommentVNode as _createCommentVNode } from "vue"

export function render(_ctx, _cache) {
  return (_ctx.a)
    ? (_openBlock(), _createElementBlock("div", { key: 0 }, "A"))
    : (_ctx.b)
      ? (_openBlock(), _createElementBlock("div", { key: 1 }, "B"))
      : (_openBlock(), _createElementBlock("div", { key: 2 }, "C"))
}

===
name: multiple v-else-if
options: default
--- INPUT ---
<div v-if="a">A</div><div v-else-if="b">B</div><div v-else-if="c">C</div><div v-else>D</div>
--- OUTPUT ---
import { openBlock as _openBlock, createElementBlock as _createElementBlock, createCommentVNode as _createCommentVNode } from "vue"

export function render(_ctx, _cache) {
  return (_ctx.a)
    ? (_openBlock(), _createElementBlock("div", { key: 0 }, "A"))
    : (_ctx.b)
      ? (_openBlock(), _createElementBlock("div", { key: 1 }, "B"))
      : (_ctx.c)
        ? (_openBlock(), _createElementBlock("div", { key: 2 }, "C"))
        : (_openBlock(), _createElementBlock("div", { key: 3 }, "D"))
}

===
name: v-else-if without v-else
options: default
--- INPUT ---
<div v-if="a">A</div><div v-else-if="b">B</div>
--- OUTPUT ---
import { openBlock as _openBlock, createElementBlock as _createElementBlock, createCommentVNode as _createCommentVNode } from "vue"

export function render(_ctx, _cache) {
  return (_ctx.a)
    ? (_openBlock(), _createElementBlock("div", { key: 0 }, "A"))
    : (_ctx.b)
      ? (_openBlock(), _createElementBlock("div", { key: 1 }, "B"))
      : _createCommentVNode("v-if", true)
}

===
name: v-if on template
options: default
--- INPUT ---
<template v-if="show"><div>A</div><div>B</div></template>
--- OUTPUT ---
import { createElementVNode as _createElementVNode, Fragment as _Fragment, openBlock as _openBlock, createElementBlock as _createElementBlock, createCommentVNode as _createCommentVNode } from "vue"

export function render(_ctx, _cache) {
  return (_ctx.show)
    ? (_openBlock(), _createElementBlock(_Fragment, { key: 0 }, [
        _createElementVNode("div", null, "A"),
        _createElementVNode("div", null, "B")
      ], 64 /* STABLE_FRAGMENT */))
    : _createCommentVNode("v-if", true)
}

===
name: v-if/v-else on template
options: default
--- INPUT ---
<template v-if="show"><div>yes</div></template><template v-else><div>no</div></template>
--- OUTPUT ---
import { openBlock as _openBlock, createElementBlock as _createElementBlock, createCommentVNode as _createCommentVNode } from "vue"

export function render(_ctx, _cache) {
  return (_ctx.show)
    ? (_openBlock(), _createElementBlock("div", { key: 0 }, "yes"))
    : (_openBlock(), _createElementBlock("div", { key: 1 }, "no"))
}

===
name: v-if on template with multiple children
options: default
--- INPUT ---
<template v-if="show"><span>1</span><span>2</span><span>3</span></template>
--- OUTPUT ---
import { createElementVNode as _createElementVNode, Fragment as _Fragment, openBlock as _openBlock, createElementBlock as _createElementBlock, createCommentVNode as _createCommentVNode } from "vue"

export function render(_ctx, _cache) {
  return (_ctx.show)
    ? (_openBlock(), _createElementBlock(_Fragment, { key: 0 }, [
        _createElementVNode("span", null, "1"),
        _createElementVNode("span", null, "2"),
        _createElementVNode("span", null, "3")
      ], 64 /* STABLE_FRAGMENT */))
    : _createCommentVNode("v-if", true)
}

===
name: nested v-if
options: default
--- INPUT ---
<div v-if="a"><span v-if="b">nested</span></div>
--- OUTPUT ---
import { openBlock as _openBlock, createElementBlock as _createElementBlock, createCommentVNode as _createCommentVNode } from "vue"

export function render(_ctx, _cache) {
  return (_ctx.a)
    ? (_openBlock(), _createElementBlock("div", { key: 0 }, [
        (_ctx.b)
          ? (_openBlock(), _createElementBlock("span", { key: 0 }, "nested"))
          : _createCommentVNode("v-if", true)
      ]))
    : _createCommentVNode("v-if", true)
}

===
name: v-if inside v-for
options: default
--- INPUT ---
<div v-for="item in items" :key="item.id"><span v-if="item.show">{{ item.name }}</span></div>
--- OUTPUT ---
import { renderList as _renderList, Fragment as _Fragment, openBlock as _openBlock, createElementBlock as _createElementBlock, toDisplayString as _toDisplayString, createCommentVNode as _createCommentVNode } from "vue"

export function render(_ctx, _cache) {
  return (_openBlock(true), _createElementBlock(_Fragment, null, _renderList(_ctx.items, (item) => {
    return (_openBlock(), _createElementBlock("div", {
      key: item.id
    }, [
      (item.show)
        ? (_openBlock(), _createElementBlock("span", { key: 0 }, _toDisplayString(item.name), 1 /* TEXT */))
        : _createCommentVNode("v-if", true)
    ]))
  }), 128 /* KEYED_FRAGMENT */))
}

===
name: v-if with key
options: default
--- INPUT ---
<div v-if="show" key="a">A</div><div v-else key="b">B</div>
--- OUTPUT ---
import { openBlock as _openBlock, createElementBlock as _createElementBlock, createCommentVNode as _createCommentVNode } from "vue"

export function render(_ctx, _cache) {
  return (_ctx.show)
    ? (_openBlock(), _createElementBlock("div", { key: "a" }, "A"))
    : (_openBlock(), _createElementBlock("div", { key: "b" }, "B"))
}

===
name: v-if with dynamic key
options: default
--- INPUT ---
<div v-if="show" :key="keyA">A</div><div v-else :key="keyB">B</div>
--- OUTPUT ---
import { openBlock as _openBlock, createElementBlock as _createElementBlock, createCommentVNode as _createCommentVNode } from "vue"

export function render(_ctx, _cache) {
  return (_ctx.show)
    ? (_openBlock(), _createElementBlock("div", { key: _ctx.keyA }, "A"))
    : (_openBlock(), _createElementBlock("div", { key: _ctx.keyB }, "B"))
}

===
name: v-if with logical expression
options: default
--- INPUT ---
<div v-if="a && b">both</div>
--- OUTPUT ---
import { openBlock as _openBlock, createElementBlock as _createElementBlock, createCommentVNode as _createCommentVNode } from "vue"

export function render(_ctx, _cache) {
  return (_ctx.a && _ctx.b)
    ? (_openBlock(), _createElementBlock("div", { key: 0 }, "both"))
    : _createCommentVNode("v-if", true)
}

===
name: v-if with comparison
options: default
--- INPUT ---
<div v-if="count > 0">positive</div>
--- OUTPUT ---
import { openBlock as _openBlock, createElementBlock as _createElementBlock, createCommentVNode as _createCommentVNode } from "vue"

export function render(_ctx, _cache) {
  return (_ctx.count > 0)
    ? (_openBlock(), _createElementBlock("div", { key: 0 }, "positive"))
    : _createCommentVNode("v-if", true)
}

===
name: v-if with ternary in content
options: default
--- INPUT ---
<div v-if="show">{{ ok ? "yes" : "no" }}</div>
--- OUTPUT ---
import { toDisplayString as _toDisplayString, openBlock as _openBlock, createElementBlock as _createElementBlock, createCommentVNode as _createCommentVNode } from "vue"

export function render(_ctx, _cache) {
  return (_ctx.show)
    ? (_openBlock(), _createElementBlock("div", { key: 0 }, _toDisplayString(_ctx.ok ? "yes" : "no"), 1 /* TEXT */))
    : _createCommentVNode("v-if", true)
}

===
name: v-if with method call
options: default
--- INPUT ---
<div v-if="isValid()">valid</div>
--- OUTPUT ---
import { openBlock as _openBlock, createElementBlock as _createElementBlock, createCommentVNode as _createCommentVNode } from "vue"

export function render(_ctx, _cache) {
  return (_ctx.isValid())
    ? (_openBlock(), _createElementBlock("div", { key: 0 }, "valid"))
    : _createCommentVNode("v-if", true)
}

===
name: v-if with negation
options: default
--- INPUT ---
<div v-if="!hidden">visible</div>
--- OUTPUT ---
import { openBlock as _openBlock, createElementBlock as _createElementBlock, createCommentVNode as _createCommentVNode } from "vue"

export function render(_ctx, _cache) {
  return (!_ctx.hidden)
    ? (_openBlock(), _createElementBlock("div", { key: 0 }, "visible"))
    : _createCommentVNode("v-if", true)
}
