===
name: v-bind id
options: vapor
--- INPUT ---
<div :id="id"></div>
--- OUTPUT ---
import { setProp as _setProp, renderEffect as _renderEffect, template as _template } from 'vue';
const t0 = _template("<div></div>", true)

export function render(_ctx) {
  const n0 = t0()
  _renderEffect(() => _setProp(n0, "id", _ctx.id))
  return n0
}

===
name: v-bind class
options: vapor
--- INPUT ---
<div :class="cls"></div>
--- OUTPUT ---
import { setClass as _setClass, renderEffect as _renderEffect, template as _template } from 'vue';
const t0 = _template("<div></div>", true)

export function render(_ctx) {
  const n0 = t0()
  _renderEffect(() => _setClass(n0, _ctx.cls))
  return n0
}

===
name: v-bind style
options: vapor
--- INPUT ---
<div :style="styles"></div>
--- OUTPUT ---
import { setStyle as _setStyle, renderEffect as _renderEffect, template as _template } from 'vue';
const t0 = _template("<div></div>", true)

export function render(_ctx) {
  const n0 = t0()
  _renderEffect(() => _setStyle(n0, _ctx.styles))
  return n0
}

===
name: class object
options: vapor
--- INPUT ---
<div :class="{ active: isActive }"></div>
--- OUTPUT ---
import { setClass as _setClass, renderEffect as _renderEffect, template as _template } from 'vue';
const t0 = _template("<div></div>", true)

export function render(_ctx) {
  const n0 = t0()
  _renderEffect(() => _setClass(n0, { active: _ctx.isActive }))
  return n0
}

===
name: class array
options: vapor
--- INPUT ---
<div :class="[a, b]"></div>
--- OUTPUT ---
import { setClass as _setClass, renderEffect as _renderEffect, template as _template } from 'vue';
const t0 = _template("<div></div>", true)

export function render(_ctx) {
  const n0 = t0()
  _renderEffect(() => _setClass(n0, [_ctx.a, _ctx.b]))
  return n0
}

===
name: class with static
options: vapor
--- INPUT ---
<div class="static" :class="dynamic"></div>
--- OUTPUT ---
import { setClass as _setClass, renderEffect as _renderEffect, template as _template } from 'vue';
const t0 = _template("<div></div>", true)

export function render(_ctx) {
  const n0 = t0()
  _renderEffect(() => _setClass(n0, ["static", _ctx.dynamic]))
  return n0
}

===
name: style object
options: vapor
--- INPUT ---
<div :style="{ color: textColor }"></div>
--- OUTPUT ---
import { setStyle as _setStyle, renderEffect as _renderEffect, template as _template } from 'vue';
const t0 = _template("<div></div>", true)

export function render(_ctx) {
  const n0 = t0()
  _renderEffect(() => _setStyle(n0, { color: _ctx.textColor }))
  return n0
}

===
name: style array
options: vapor
--- INPUT ---
<div :style="[a, b]"></div>
--- OUTPUT ---
import { setStyle as _setStyle, renderEffect as _renderEffect, template as _template } from 'vue';
const t0 = _template("<div></div>", true)

export function render(_ctx) {
  const n0 = t0()
  _renderEffect(() => _setStyle(n0, [_ctx.a, _ctx.b]))
  return n0
}

===
name: v-bind object
options: vapor
--- INPUT ---
<div v-bind="attrs"></div>
--- OUTPUT ---
import { setDynamicProps as _setDynamicProps, renderEffect as _renderEffect, template as _template } from 'vue';
const t0 = _template("<div></div>", true)

export function render(_ctx) {
  const n0 = t0()
  _renderEffect(() => _setDynamicProps(n0, [_ctx.attrs]))
  return n0
}

===
name: dynamic attribute
options: vapor
--- INPUT ---
<div :[attr]="value"></div>
--- OUTPUT ---
import { setDynamicProps as _setDynamicProps, renderEffect as _renderEffect, template as _template } from 'vue';
const t0 = _template("<div></div>", true)

export function render(_ctx) {
  const n0 = t0()
  _renderEffect(() => _setDynamicProps(n0, [{ [_ctx.attr]: _ctx.value }]))
  return n0
}

===
name: v-bind.camel
options: vapor
--- INPUT ---
<svg :view-box.camel="viewBox"></svg>
--- OUTPUT ---
import { setAttr as _setAttr, renderEffect as _renderEffect, template as _template } from 'vue';
const t0 = _template("<svg></svg>", true, 1)

export function render(_ctx) {
  const n0 = t0()
  _renderEffect(() => _setAttr(n0, "viewBox", _ctx.viewBox, true))
  return n0
}

===
name: v-bind.prop
options: vapor
--- INPUT ---
<div :text-content.prop="text"></div>
--- OUTPUT ---
import { setDOMProp as _setDOMProp, renderEffect as _renderEffect, template as _template } from 'vue';
const t0 = _template("<div></div>", true)

export function render(_ctx) {
  const n0 = t0()
  _renderEffect(() => _setDOMProp(n0, "text-content", _ctx.text))
  return n0
}
