===
name: v-for array
options: vapor
--- INPUT ---
<div v-for="item in items">{{ item }}</div>
--- OUTPUT ---
import { txt as _txt, toDisplayString as _toDisplayString, setText as _setText, renderEffect as _renderEffect, createFor as _createFor, template as _template } from 'vue';
const t0 = _template("<div> </div>")

export function render(_ctx) {
  const n0 = _createFor(() => (_ctx.items), (_for_item0) => {
    const n2 = t0()
    const x2 = _txt(n2)
    _renderEffect(() => _setText(x2, _toDisplayString(_for_item0.value)))
    return n2
  })
  return n0
}

===
name: v-for with key
options: vapor
--- INPUT ---
<div v-for="item in items" :key="item.id">{{ item.name }}</div>
--- OUTPUT ---
import { txt as _txt, toDisplayString as _toDisplayString, setText as _setText, renderEffect as _renderEffect, createFor as _createFor, template as _template } from 'vue';
const t0 = _template("<div> </div>")

export function render(_ctx) {
  const n0 = _createFor(() => (_ctx.items), (_for_item0) => {
    const n2 = t0()
    const x2 = _txt(n2)
    _renderEffect(() => _setText(x2, _toDisplayString(_for_item0.value.name)))
    return n2
  }, (item) => (item.id))
  return n0
}

===
name: v-for with index
options: vapor
--- INPUT ---
<div v-for="(item, index) in items" :key="index">{{ index }}: {{ item }}</div>
--- OUTPUT ---
import { txt as _txt, toDisplayString as _toDisplayString, setText as _setText, renderEffect as _renderEffect, createFor as _createFor, template as _template } from 'vue';
const t0 = _template("<div> </div>")

export function render(_ctx) {
  const n0 = _createFor(() => (_ctx.items), (_for_item0, _for_key0) => {
    const n2 = t0()
    const x2 = _txt(n2)
    _renderEffect(() => _setText(x2, _toDisplayString(_for_key0.value) + ": " + _toDisplayString(_for_item0.value)))
    return n2
  }, (item, index) => (index))
  return n0
}

===
name: v-for object
options: vapor
--- INPUT ---
<div v-for="(value, key) in obj" :key="key">{{ key }}: {{ value }}</div>
--- OUTPUT ---
import { txt as _txt, toDisplayString as _toDisplayString, setText as _setText, renderEffect as _renderEffect, createFor as _createFor, template as _template } from 'vue';
const t0 = _template("<div> </div>")

export function render(_ctx) {
  const n0 = _createFor(() => (_ctx.obj), (_for_item0, _for_key0) => {
    const n2 = t0()
    const x2 = _txt(n2)
    _renderEffect(() => _setText(x2, _toDisplayString(_for_key0.value) + ": " + _toDisplayString(_for_item0.value)))
    return n2
  }, (value, key) => (key))
  return n0
}

===
name: v-for range
options: vapor
--- INPUT ---
<div v-for="n in 10" :key="n">{{ n }}</div>
--- OUTPUT ---
import { txt as _txt, toDisplayString as _toDisplayString, setText as _setText, renderEffect as _renderEffect, createFor as _createFor, template as _template } from 'vue';
const t0 = _template("<div> </div>")

export function render(_ctx) {
  const n0 = _createFor(() => (10), (_for_item0) => {
    const n2 = t0()
    const x2 = _txt(n2)
    _renderEffect(() => _setText(x2, _toDisplayString(_for_item0.value)))
    return n2
  }, (n) => (n), 4)
  return n0
}

===
name: v-for on template
options: vapor
--- INPUT ---
<template v-for="item in items" :key="item.id"><div>{{ item }}</div></template>
--- OUTPUT ---
import { txt as _txt, toDisplayString as _toDisplayString, setText as _setText, renderEffect as _renderEffect, createFor as _createFor, template as _template } from 'vue';
const t0 = _template("<div> </div>")

export function render(_ctx) {
  const n0 = _createFor(() => (_ctx.items), (_for_item0) => {
    const n2 = t0()
    const x2 = _txt(n2)
    _renderEffect(() => _setText(x2, _toDisplayString(_for_item0.value)))
    return n2
  }, (item) => (item.id))
  return n0
}

===
name: v-for destructure
options: vapor
--- INPUT ---
<div v-for="{ id, name } in items" :key="id">{{ name }}</div>
--- OUTPUT ---
import { txt as _txt, toDisplayString as _toDisplayString, setText as _setText, renderEffect as _renderEffect, createFor as _createFor, template as _template } from 'vue';
const t0 = _template("<div> </div>")

export function render(_ctx) {
  const n0 = _createFor(() => (_ctx.items), (_for_item0) => {
    const n2 = t0()
    const x2 = _txt(n2)
    _renderEffect(() => _setText(x2, _toDisplayString(_for_item0.value.name)))
    return n2
  }, ({ id, name }) => (id))
  return n0
}

===
name: nested v-for
options: vapor
--- INPUT ---
<div v-for="row in rows" :key="row.id"><span v-for="cell in row.cells" :key="cell.id">{{ cell }}</span></div>
--- OUTPUT ---
import { setInsertionState as _setInsertionState, txt as _txt, toDisplayString as _toDisplayString, setText as _setText, renderEffect as _renderEffect, createFor as _createFor, template as _template } from 'vue';
const t0 = _template("<span> </span>")
const t1 = _template("<div></div>")

export function render(_ctx) {
  const n0 = _createFor(() => (_ctx.rows), (_for_item0) => {
    const n5 = t1()
    _setInsertionState(n5, null, true)
    const n2 = _createFor(() => (_for_item0.value.cells), (_for_item1) => {
      const n4 = t0()
      const x4 = _txt(n4)
      _renderEffect(() => _setText(x4, _toDisplayString(_for_item1.value)))
      return n4
    }, (cell) => (cell.id), 1)
    return n5
  }, (row) => (row.id))
  return n0
}

===
name: v-for with v-if
options: vapor
--- INPUT ---
<template v-for="item in items" :key="item.id"><div v-if="item.show">{{ item }}</div></template>
--- OUTPUT ---
import { txt as _txt, toDisplayString as _toDisplayString, setText as _setText, renderEffect as _renderEffect, createIf as _createIf, createFor as _createFor, template as _template } from 'vue';
const t0 = _template("<div> </div>")

export function render(_ctx) {
  const n0 = _createFor(() => (_ctx.items), (_for_item0) => {
    const n2 = _createIf(() => (_for_item0.value.show), () => {
      const n4 = t0()
      const x4 = _txt(n4)
      _renderEffect(() => _setText(x4, _toDisplayString(_for_item0.value)))
      return n4
    })
    return n2
  }, (item) => (item.id))
  return n0
}
