===
name: simple v-if
options: vapor
--- INPUT ---
<div v-if="show"></div>
--- OUTPUT ---
import { createIf as _createIf, template as _template } from 'vue';
const t0 = _template("<div></div>", true)

export function render(_ctx) {
  const n0 = _createIf(() => (_ctx.show), () => {
    const n2 = t0()
    return n2
  })
  return n0
}

===
name: v-if with content
options: vapor
--- INPUT ---
<div v-if="show">content</div>
--- OUTPUT ---
import { createIf as _createIf, template as _template } from 'vue';
const t0 = _template("<div>content</div>", true)

export function render(_ctx) {
  const n0 = _createIf(() => (_ctx.show), () => {
    const n2 = t0()
    return n2
  })
  return n0
}

===
name: v-if with interpolation
options: vapor
--- INPUT ---
<div v-if="show">{{ msg }}</div>
--- OUTPUT ---
import { txt as _txt, toDisplayString as _toDisplayString, setText as _setText, renderEffect as _renderEffect, createIf as _createIf, template as _template } from 'vue';
const t0 = _template("<div> </div>", true)

export function render(_ctx) {
  const n0 = _createIf(() => (_ctx.show), () => {
    const n2 = t0()
    const x2 = _txt(n2)
    _renderEffect(() => _setText(x2, _toDisplayString(_ctx.msg)))
    return n2
  })
  return n0
}

===
name: v-if with v-else
options: vapor
--- INPUT ---
<div v-if="show">yes</div><div v-else>no</div>
--- OUTPUT ---
import { createIf as _createIf, template as _template } from 'vue';
const t0 = _template("<div>yes</div>", true)
const t1 = _template("<div>no</div>", true)

export function render(_ctx) {
  const n0 = _createIf(() => (_ctx.show), () => {
    const n2 = t0()
    return n2
  }, () => {
    const n4 = t1()
    return n4
  })
  return n0
}

===
name: v-if/v-else-if/v-else
options: vapor
--- INPUT ---
<div v-if="a">A</div><div v-else-if="b">B</div><div v-else>C</div>
--- OUTPUT ---
import { createIf as _createIf, template as _template } from 'vue';
const t0 = _template("<div>A</div>", true)
const t1 = _template("<div>B</div>", true)
const t2 = _template("<div>C</div>", true)

export function render(_ctx) {
  const n0 = _createIf(() => (_ctx.a), () => {
    const n2 = t0()
    return n2
  }, () => _createIf(() => (_ctx.b), () => {
    const n4 = t1()
    return n4
  }, () => {
    const n7 = t2()
    return n7
  }))
  return n0
}

===
name: v-if on template
options: vapor
--- INPUT ---
<template v-if="show"><div>A</div><div>B</div></template>
--- OUTPUT ---
import { createIf as _createIf, template as _template } from 'vue';
const t0 = _template("<div>A</div>")
const t1 = _template("<div>B</div>")

export function render(_ctx) {
  const n0 = _createIf(() => (_ctx.show), () => {
    const n2 = t0()
    const n3 = t1()
    return [n2, n3]
  })
  return n0
}

===
name: nested v-if
options: vapor
--- INPUT ---
<div v-if="a"><span v-if="b">nested</span></div>
--- OUTPUT ---
import { setInsertionState as _setInsertionState, createIf as _createIf, template as _template } from 'vue';
const t0 = _template("<span>nested</span>")
const t1 = _template("<div></div>", true)

export function render(_ctx) {
  const n0 = _createIf(() => (_ctx.a), () => {
    const n5 = t1()
    _setInsertionState(n5, null, true)
    const n2 = _createIf(() => (_ctx.b), () => {
      const n4 = t0()
      return n4
    })
    return n5
  })
  return n0
}
