===
name: click handler
options: vapor
--- INPUT ---
<button @click="handler"></button>
--- OUTPUT ---
import { createInvoker as _createInvoker, delegateEvents as _delegateEvents, template as _template } from 'vue';
const t0 = _template("<button></button>", true)
_delegateEvents("click")

export function render(_ctx) {
  const n0 = t0()
  n0.$evtclick = _createInvoker(e => _ctx.handler(e))
  return n0
}

===
name: inline handler
options: vapor
--- INPUT ---
<button @click="count++"></button>
--- OUTPUT ---
import { createInvoker as _createInvoker, delegateEvents as _delegateEvents, template as _template } from 'vue';
const t0 = _template("<button></button>", true)
_delegateEvents("click")

export function render(_ctx) {
  const n0 = t0()
  n0.$evtclick = _createInvoker(() => (_ctx.count++))
  return n0
}

===
name: method call
options: vapor
--- INPUT ---
<button @click="handler()"></button>
--- OUTPUT ---
import { createInvoker as _createInvoker, delegateEvents as _delegateEvents, template as _template } from 'vue';
const t0 = _template("<button></button>", true)
_delegateEvents("click")

export function render(_ctx) {
  const n0 = t0()
  n0.$evtclick = _createInvoker(() => (_ctx.handler()))
  return n0
}

===
name: handler with $event
options: vapor
--- INPUT ---
<button @click="handler($event)"></button>
--- OUTPUT ---
import { createInvoker as _createInvoker, delegateEvents as _delegateEvents, template as _template } from 'vue';
const t0 = _template("<button></button>", true)
_delegateEvents("click")

export function render(_ctx) {
  const n0 = t0()
  n0.$evtclick = _createInvoker($event => (_ctx.handler($event)))
  return n0
}

===
name: stop modifier
options: vapor
--- INPUT ---
<button @click.stop="handler"></button>
--- OUTPUT ---
import { createInvoker as _createInvoker, withModifiers as _withModifiers, delegateEvents as _delegateEvents, template as _template } from 'vue';
const t0 = _template("<button></button>", true)
_delegateEvents("click")

export function render(_ctx) {
  const n0 = t0()
  n0.$evtclick = _createInvoker(_withModifiers(e => _ctx.handler(e), ["stop"]))
  return n0
}

===
name: prevent modifier
options: vapor
--- INPUT ---
<form @submit.prevent="onSubmit"></form>
--- OUTPUT ---
import { createInvoker as _createInvoker, withModifiers as _withModifiers, on as _on, template as _template } from 'vue';
const t0 = _template("<form></form>", true)

export function render(_ctx) {
  const n0 = t0()
  _on(n0, "submit", _createInvoker(_withModifiers(e => _ctx.onSubmit(e), ["prevent"])))
  return n0
}

===
name: once modifier
options: vapor
--- INPUT ---
<button @click.once="handler"></button>
--- OUTPUT ---
import { createInvoker as _createInvoker, on as _on, template as _template } from 'vue';
const t0 = _template("<button></button>", true)

export function render(_ctx) {
  const n0 = t0()
  _on(n0, "click", _createInvoker(e => _ctx.handler(e)), {
    once: true
  })
  return n0
}

===
name: multiple modifiers
options: vapor
--- INPUT ---
<button @click.stop.prevent="handler"></button>
--- OUTPUT ---
import { createInvoker as _createInvoker, withModifiers as _withModifiers, delegateEvents as _delegateEvents, template as _template } from 'vue';
const t0 = _template("<button></button>", true)
_delegateEvents("click")

export function render(_ctx) {
  const n0 = t0()
  n0.$evtclick = _createInvoker(_withModifiers(e => _ctx.handler(e), ["stop","prevent"]))
  return n0
}

===
name: enter key
options: vapor
--- INPUT ---
<input @keyup.enter="submit">
--- OUTPUT ---
import { createInvoker as _createInvoker, withKeys as _withKeys, delegateEvents as _delegateEvents, template as _template } from 'vue';
const t0 = _template("<input>", true)
_delegateEvents("keyup")

export function render(_ctx) {
  const n0 = t0()
  n0.$evtkeyup = _createInvoker(_withKeys(e => _ctx.submit(e), ["enter"]))
  return n0
}

===
name: escape key
options: vapor
--- INPUT ---
<input @keyup.esc="cancel">
--- OUTPUT ---
import { createInvoker as _createInvoker, withKeys as _withKeys, delegateEvents as _delegateEvents, template as _template } from 'vue';
const t0 = _template("<input>", true)
_delegateEvents("keyup")

export function render(_ctx) {
  const n0 = t0()
  n0.$evtkeyup = _createInvoker(_withKeys(e => _ctx.cancel(e), ["esc"]))
  return n0
}

===
name: multiple events
options: vapor
--- INPUT ---
<input @focus="onFocus" @blur="onBlur">
--- OUTPUT ---
import { createInvoker as _createInvoker, on as _on, template as _template } from 'vue';
const t0 = _template("<input>", true)

export function render(_ctx) {
  const n0 = t0()
  _on(n0, "focus", _createInvoker(e => _ctx.onFocus(e)))
  _on(n0, "blur", _createInvoker(e => _ctx.onBlur(e)))
  return n0
}

===
name: dynamic event name
options: vapor
--- INPUT ---
<button @[event]="handler"></button>
--- OUTPUT ---
import { createInvoker as _createInvoker, on as _on, renderEffect as _renderEffect, template as _template } from 'vue';
const t0 = _template("<button></button>", true)

export function render(_ctx) {
  const n0 = t0()
  _renderEffect(() => {
    
    _on(n0, _ctx.event, _createInvoker(e => _ctx.handler(e)), {
      effect: true
    })
  })
  return n0
}

===
name: v-on object
options: vapor
--- INPUT ---
<button v-on="handlers"></button>
--- OUTPUT ---
import { setDynamicEvents as _setDynamicEvents, renderEffect as _renderEffect, template as _template } from 'vue';
const t0 = _template("<button></button>", true)

export function render(_ctx) {
  const n0 = t0()
  _renderEffect(() => _setDynamicEvents(n0, _ctx.handlers))
  return n0
}
