===
name: simple v-show
options: vapor
--- INPUT ---
<div v-show="visible"></div>
--- OUTPUT ---
import { applyVShow as _applyVShow, template as _template } from 'vue';
const t0 = _template("<div></div>", true)

export function render(_ctx) {
  const n0 = t0()
  _applyVShow(n0, () => (_ctx.visible))
  return n0
}

===
name: v-show with content
options: vapor
--- INPUT ---
<div v-show="visible">content</div>
--- OUTPUT ---
import { applyVShow as _applyVShow, template as _template } from 'vue';
const t0 = _template("<div>content</div>", true)

export function render(_ctx) {
  const n0 = t0()
  _applyVShow(n0, () => (_ctx.visible))
  return n0
}

===
name: v-show with comparison
options: vapor
--- INPUT ---
<div v-show="count > 0">positive</div>
--- OUTPUT ---
import { applyVShow as _applyVShow, template as _template } from 'vue';
const t0 = _template("<div>positive</div>", true)

export function render(_ctx) {
  const n0 = t0()
  _applyVShow(n0, () => (_ctx.count > 0))
  return n0
}

===
name: v-show with negation
options: vapor
--- INPUT ---
<div v-show="!hidden">visible</div>
--- OUTPUT ---
import { applyVShow as _applyVShow, template as _template } from 'vue';
const t0 = _template("<div>visible</div>", true)

export function render(_ctx) {
  const n0 = t0()
  _applyVShow(n0, () => (!_ctx.hidden))
  return n0
}

===
name: v-show with v-for
options: vapor
--- INPUT ---
<div v-for="item in items" :key="item.id" v-show="item.visible">{{ item }}</div>
--- OUTPUT ---
import { txt as _txt, applyVShow as _applyVShow, toDisplayString as _toDisplayString, setText as _setText, renderEffect as _renderEffect, createFor as _createFor, template as _template } from 'vue';
const t0 = _template("<div> </div>")

export function render(_ctx) {
  const n0 = _createFor(() => (_ctx.items), (_for_item0) => {
    const n2 = t0()
    const x2 = _txt(n2)
    _applyVShow(n2, () => (_for_item0.value.visible))
    _renderEffect(() => _setText(x2, _toDisplayString(_for_item0.value)))
    return n2
  }, (item) => (item.id))
  return n0
}

===
name: v-show on component
options: vapor
--- INPUT ---
<MyComponent v-show="visible" />
--- OUTPUT ---
import { resolveComponent as _resolveComponent, createComponentWithFallback as _createComponentWithFallback, applyVShow as _applyVShow } from 'vue';

export function render(_ctx) {
  const _component_MyComponent = _resolveComponent("MyComponent")
  const n0 = _createComponentWithFallback(_component_MyComponent, null, null, true)
  _applyVShow(n0, () => (_ctx.visible))
  return n0
}
