===
name: missing end tag
options: default
errors: Element is missing end tag.
--- INPUT ---
<div>
--- OUTPUT ---
import { openBlock as _openBlock, createElementBlock as _createElementBlock } from "vue"

export function render(_ctx, _cache) {
  return (_openBlock(), _createElementBlock("div"))
}

===
name: missing nested end tag
options: default
errors: Element is missing end tag.
--- INPUT ---
<div><span></div>
--- OUTPUT ---
import { createElementVNode as _createElementVNode, openBlock as _openBlock, createElementBlock as _createElementBlock } from "vue"

export function render(_ctx, _cache) {
  return (_openBlock(), _createElementBlock("div", null, [
    _createElementVNode("span")
  ]))
}

===
name: missing multiple end tags
options: default
errors: Element is missing end tag.; Element is missing end tag.; Element is missing end tag.
--- INPUT ---
<div><span><p>
--- OUTPUT ---
import { createElementVNode as _createElementVNode, openBlock as _openBlock, createElementBlock as _createElementBlock } from "vue"

export function render(_ctx, _cache) {
  return (_openBlock(), _createElementBlock("div", null, [
    _createElementVNode("span", null, [
      _createElementVNode("p")
    ])
  ]))
}

===
name: wrong end tag
options: default
errors: Invalid end tag.; Element is missing end tag.
--- INPUT ---
<div></span>
--- OUTPUT ---
import { openBlock as _openBlock, createElementBlock as _createElementBlock } from "vue"

export function render(_ctx, _cache) {
  return (_openBlock(), _createElementBlock("div"))
}

===
name: invalid tag name starting with digit
options: default
--- INPUT ---
<1div></1div>
--- OUTPUT ---
import { createCommentVNode as _createCommentVNode, createTextVNode as _createTextVNode, Fragment as _Fragment, openBlock as _openBlock, createElementBlock as _createElementBlock } from "vue"

export function render(_ctx, _cache) {
  return (_openBlock(), _createElementBlock(_Fragment, null, [
    _createTextVNode("<1div>"),
    _createCommentVNode("1div")
  ], 2112 /* STABLE_FRAGMENT, DEV_ROOT_FRAGMENT */))
}

===
name: invalid tag name starting with slash
options: default
errors: End tag name was expected.
--- INPUT ---
</>
--- OUTPUT ---

export function render(_ctx, _cache) {
  return null
}

===
name: missing attribute value
options: default
errors: Attribute value was expected.
--- INPUT ---
<div id=></div>
--- OUTPUT ---
import { openBlock as _openBlock, createElementBlock as _createElementBlock } from "vue"

export function render(_ctx, _cache) {
  return (_openBlock(), _createElementBlock("div", { id: "" }))
}

===
name: unexpected equals in attribute
options: default
errors: Unquoted attribute value cannot contain U+0022 ("), U+0027 ('), U+003C (<), U+003D (=), and U+0060 (`).; Unquoted attribute value cannot contain U+0022 ("), U+0027 ('), U+003C (<), U+003D (=), and U+0060 (`).; Unquoted attribute value cannot contain U+0022 ("), U+0027 ('), U+003C (<), U+003D (=), and U+0060 (`).
--- INPUT ---
<div id==""></div>
--- OUTPUT ---
import { openBlock as _openBlock, createElementBlock as _createElementBlock } from "vue"

export function render(_ctx, _cache) {
  return (_openBlock(), _createElementBlock("div", { id: "=\"\"" }))
}

===
name: duplicate attribute
options: default
errors: Duplicate attribute.
--- INPUT ---
<div id="a" id="b"></div>
--- OUTPUT ---
import { openBlock as _openBlock, createElementBlock as _createElementBlock } from "vue"

export function render(_ctx, _cache) {
  return (_openBlock(), _createElementBlock("div", { id: "a" }))
}

===
name: missing whitespace between attributes
options: default
--- INPUT ---
<div id="a"class="b"></div>
--- OUTPUT ---
import { openBlock as _openBlock, createElementBlock as _createElementBlock } from "vue"

export function render(_ctx, _cache) {
  return (_openBlock(), _createElementBlock("div", {
    id: "a",
    class: "b"
  }))
}

===
name: unexpected character in attribute name
options: default
errors: Attribute name cannot contain U+0022 ("), U+0027 ('), and U+003C (<).; Attribute name cannot contain U+0022 ("), U+0027 ('), and U+003C (<).
--- INPUT ---
<div id"foo"></div>
--- OUTPUT ---
import { openBlock as _openBlock, createElementBlock as _createElementBlock } from "vue"

export function render(_ctx, _cache) {
  return (_openBlock(), _createElementBlock("div", { "id\"foo\"": "" }))
}

===
name: v-else without adjacent v-if
options: default
errors: v-else/v-else-if has no adjacent v-if or v-else-if.
--- INPUT ---
<div v-else></div>
--- OUTPUT ---
import { openBlock as _openBlock, createElementBlock as _createElementBlock } from "vue"

export function render(_ctx, _cache) {
  return (_openBlock(), _createElementBlock("div"))
}

===
name: v-else-if without adjacent v-if
options: default
errors: v-else/v-else-if has no adjacent v-if or v-else-if.
--- INPUT ---
<div v-else-if="a"></div>
--- OUTPUT ---
import { openBlock as _openBlock, createElementBlock as _createElementBlock } from "vue"

export function render(_ctx, _cache) {
  return (_openBlock(), _createElementBlock("div"))
}

===
name: v-else with text between
options: default
errors: v-else/v-else-if has no adjacent v-if or v-else-if.
--- INPUT ---
<div v-if="a"></div>text<div v-else></div>
--- OUTPUT ---
import { openBlock as _openBlock, createElementBlock as _createElementBlock, createCommentVNode as _createCommentVNode, createElementVNode as _createElementVNode, createTextVNode as _createTextVNode, Fragment as _Fragment } from "vue"

export function render(_ctx, _cache) {
  return (_openBlock(), _createElementBlock(_Fragment, null, [
    (_ctx.a)
      ? (_openBlock(), _createElementBlock("div", { key: 0 }))
      : _createCommentVNode("v-if", true),
    _createTextVNode("text"),
    _createElementVNode("div")
  ], 64 /* STABLE_FRAGMENT */))
}

===
name: v-for missing expression
options: default
errors: v-for is missing expression.
--- INPUT ---
<div v-for></div>
--- OUTPUT ---
import { openBlock as _openBlock, createElementBlock as _createElementBlock } from "vue"

export function render(_ctx, _cache) {
  return (_openBlock(), _createElementBlock("div"))
}

===
name: v-for malformed expression
options: default
errors: v-for has invalid expression.
--- INPUT ---
<div v-for="item"></div>
--- OUTPUT ---
import { openBlock as _openBlock, createElementBlock as _createElementBlock } from "vue"

export function render(_ctx, _cache) {
  return (_openBlock(), _createElementBlock("div"))
}

===
name: v-for template key placement
options: default
--- INPUT ---
<template v-for="item in items" :key="item.id"><div></div></template>
--- OUTPUT ---
import { renderList as _renderList, Fragment as _Fragment, openBlock as _openBlock, createElementBlock as _createElementBlock } from "vue"

export function render(_ctx, _cache) {
  return (_openBlock(true), _createElementBlock(_Fragment, null, _renderList(_ctx.items, (item) => {
    return (_openBlock(), _createElementBlock("div", {
      key: item.id
    }))
  }), 128 /* KEYED_FRAGMENT */))
}

===
name: v-bind no expression
options: default
errors: v-bind is missing expression.
--- INPUT ---
<div v-bind:id=""></div>
--- OUTPUT ---
import { openBlock as _openBlock, createElementBlock as _createElementBlock } from "vue"

export function render(_ctx, _cache) {
  return (_openBlock(), _createElementBlock("div", { id: "" }))
}

===
name: v-bind invalid same-name shorthand
options: default
errors: v-bind with same-name shorthand only allows static argument.; v-bind is missing expression.
--- INPUT ---
<div v-bind:[arg]></div>
--- OUTPUT ---
import { normalizeProps as _normalizeProps, openBlock as _openBlock, createElementBlock as _createElementBlock } from "vue"

export function render(_ctx, _cache) {
  return (_openBlock(), _createElementBlock("div", _normalizeProps({ [_ctx.arg]: "" }), null, 16 /* FULL_PROPS */))
}

===
name: v-on no expression
options: default
--- INPUT ---
<div v-on:click=""></div>
--- OUTPUT ---
import { openBlock as _openBlock, createElementBlock as _createElementBlock } from "vue"

export function render(_ctx, _cache) {
  return (_openBlock(), _createElementBlock("div", { onClick: () => {} }, null, 8 /* PROPS */, ["onClick"]))
}

===
name: v-model no expression
options: default
errors: v-model is missing expression.
--- INPUT ---
<input v-model />
--- OUTPUT ---
import { openBlock as _openBlock, createElementBlock as _createElementBlock } from "vue"

export function render(_ctx, _cache) {
  return (_openBlock(), _createElementBlock("input"))
}

===
name: v-model malformed expression
options: default
errors: v-model value must be a valid JavaScript member expression.
--- INPUT ---
<input v-model="a + b" />
--- OUTPUT ---
import { openBlock as _openBlock, createElementBlock as _createElementBlock } from "vue"

export function render(_ctx, _cache) {
  return (_openBlock(), _createElementBlock("input"))
}

===
name: v-model on props element
options: default
errors: v-model argument is not supported on plain elements.; v-model can only be used on <input>, <textarea> and <select> elements.
--- INPUT ---
<div v-model:foo="bar"></div>
--- OUTPUT ---
import { openBlock as _openBlock, createElementBlock as _createElementBlock } from "vue"

export function render(_ctx, _cache) {
  return (_openBlock(), _createElementBlock("div", {
    foo: _ctx.bar,
    "onUpdate:foo": $event => ((_ctx.bar) = $event)
  }, null, 40 /* PROPS, NEED_HYDRATION */, ["foo", "onUpdate:foo"]))
}

===
name: v-model argument on native element
options: default
errors: v-model argument is not supported on plain elements.
--- INPUT ---
<input v-model:value="bar" />
--- OUTPUT ---
import { vModelText as _vModelText, withDirectives as _withDirectives, openBlock as _openBlock, createElementBlock as _createElementBlock } from "vue"

export function render(_ctx, _cache) {
  return _withDirectives((_openBlock(), _createElementBlock("input", {
    value: _ctx.bar,
    "onUpdate:value": $event => ((_ctx.bar) = $event)
  }, null, 40 /* PROPS, NEED_HYDRATION */, ["value", "onUpdate:value"])), [
    [_vModelText, _ctx.bar, "value"]
  ])
}

===
name: v-show no expression
options: default
--- INPUT ---
<div v-show=""></div>
--- OUTPUT ---
import { vShow as _vShow, withDirectives as _withDirectives, openBlock as _openBlock, createElementBlock as _createElementBlock } from "vue"

export function render(_ctx, _cache) {
  return _withDirectives((_openBlock(), _createElementBlock("div", null, null, 512 /* NEED_PATCH */)), [
    [_vShow, ]
  ])
}

===
name: v-slot wrong placement
options: default
errors: v-slot can only be used on components or <template> tags.
--- INPUT ---
<div v-slot:header></div>
--- OUTPUT ---
import { openBlock as _openBlock, createElementBlock as _createElementBlock } from "vue"

export function render(_ctx, _cache) {
  return (_openBlock(), _createElementBlock("div"))
}

===
name: v-slot on component with children
options: default
errors: Codegen node is missing for element/if/for node. Apply appropriate transforms first.
--- INPUT ---
<Comp v-slot:header><template #default></template></Comp>
--- OUTPUT ---


===
name: v-slot duplicate slot names
options: default
errors: Duplicate slot names found. 
--- INPUT ---
<Comp><template #header></template><template #header></template></Comp>
--- OUTPUT ---
import { resolveComponent as _resolveComponent, withCtx as _withCtx, openBlock as _openBlock, createBlock as _createBlock } from "vue"

export function render(_ctx, _cache) {
  const _component_Comp = _resolveComponent("Comp")

  return (_openBlock(), _createBlock(_component_Comp, null, {
    header: _withCtx(() => []),
    _: 1 /* STABLE */
  }))
}

===
name: v-slot extraneous default slot children
options: default
errors: Codegen node is missing for element/if/for node. Apply appropriate transforms first.
--- INPUT ---
<Comp v-slot>text<template #header></template></Comp>
--- OUTPUT ---


===
name: incorrectly opened comment
options: default
--- INPUT ---
<! comment >
--- OUTPUT ---

export function render(_ctx, _cache) {
  return null
}

===
name: abrupt closing of empty comment
options: default
--- INPUT ---
<!---->
--- OUTPUT ---
import { createCommentVNode as _createCommentVNode } from "vue"

export function render(_ctx, _cache) {
  return _createCommentVNode("")
}

===
name: DOCTYPE in component
options: default
--- INPUT ---
<!DOCTYPE html><div></div>
--- OUTPUT ---
import { openBlock as _openBlock, createElementBlock as _createElementBlock } from "vue"

export function render(_ctx, _cache) {
  return (_openBlock(), _createElementBlock("div"))
}

===
name: eof in interpolation
options: default
errors: Interpolation end sign was not found.
--- INPUT ---
{{ unfinished
--- OUTPUT ---

export function render(_ctx, _cache) {
  return "{{ unfinished"
}

===
name: empty interpolation
options: default
--- INPUT ---
{{ }}
--- OUTPUT ---
import { toDisplayString as _toDisplayString } from "vue"

export function render(_ctx, _cache) {
  return _toDisplayString()
}

===
name: unexpected end tag void element
options: default
--- INPUT ---
<input></input>
--- OUTPUT ---
import { openBlock as _openBlock, createElementBlock as _createElementBlock } from "vue"

export function render(_ctx, _cache) {
  return (_openBlock(), _createElementBlock("input"))
}

===
name: element with invalid directive syntax
options: default
errors: Legal directive name was expected.
--- INPUT ---
<div v-></div>
--- OUTPUT ---
import { openBlock as _openBlock, createElementBlock as _createElementBlock } from "vue"

export function render(_ctx, _cache) {
  return (_openBlock(), _createElementBlock("div", { "v-": "" }))
}

===
name: prefix if without expression
options: default
errors: v-if/v-else-if is missing expression.
--- INPUT ---
<div v-if></div>
--- OUTPUT ---
import { openBlock as _openBlock, createElementBlock as _createElementBlock, createCommentVNode as _createCommentVNode } from "vue"

export function render(_ctx, _cache) {
  return true
    ? (_openBlock(), _createElementBlock("div", { key: 0 }))
    : _createCommentVNode("v-if", true)
}

===
name: v-if on root with v-for
options: default
--- INPUT ---
<div v-if="a" v-for="i in list"></div>
--- OUTPUT ---
import { renderList as _renderList, Fragment as _Fragment, openBlock as _openBlock, createElementBlock as _createElementBlock, createCommentVNode as _createCommentVNode } from "vue"

export function render(_ctx, _cache) {
  return (_ctx.a)
    ? (_openBlock(true), _createElementBlock(_Fragment, { key: 0 }, _renderList(_ctx.list, (i) => {
        return (_openBlock(), _createElementBlock("div"))
      }), 256 /* UNKEYED_FRAGMENT */))
    : _createCommentVNode("v-if", true)
}
