===
name: empty comment
options: default
--- INPUT ---
<!---->
--- OUTPUT ---
import { createCommentVNode as _createCommentVNode } from "vue"

export function render(_ctx, _cache) {
  return _createCommentVNode("")
}

===
name: simple comment
options: default
--- INPUT ---
<!--abc-->
--- OUTPUT ---
import { createCommentVNode as _createCommentVNode } from "vue"

export function render(_ctx, _cache) {
  return _createCommentVNode("abc")
}

===
name: comment with single word
options: default
--- INPUT ---
<!-- comment -->
--- OUTPUT ---
import { createCommentVNode as _createCommentVNode } from "vue"

export function render(_ctx, _cache) {
  return _createCommentVNode(" comment ")
}

===
name: comment with whitespace
options: default
--- INPUT ---
<!--  hello world  -->
--- OUTPUT ---
import { createCommentVNode as _createCommentVNode } from "vue"

export function render(_ctx, _cache) {
  return _createCommentVNode("  hello world  ")
}

===
name: comment with leading whitespace
options: default
--- INPUT ---
<!--  comment-->
--- OUTPUT ---
import { createCommentVNode as _createCommentVNode } from "vue"

export function render(_ctx, _cache) {
  return _createCommentVNode("  comment")
}

===
name: comment with trailing whitespace
options: default
--- INPUT ---
<!--comment  -->
--- OUTPUT ---
import { createCommentVNode as _createCommentVNode } from "vue"

export function render(_ctx, _cache) {
  return _createCommentVNode("comment  ")
}

===
name: comment with no spaces
options: default
--- INPUT ---
<!--no spaces-->
--- OUTPUT ---
import { createCommentVNode as _createCommentVNode } from "vue"

export function render(_ctx, _cache) {
  return _createCommentVNode("no spaces")
}

===
name: two comments
options: default
--- INPUT ---
<!--abc--><!--def-->
--- OUTPUT ---
import { createCommentVNode as _createCommentVNode, Fragment as _Fragment, openBlock as _openBlock, createElementBlock as _createElementBlock } from "vue"

export function render(_ctx, _cache) {
  return (_openBlock(), _createElementBlock(_Fragment, null, [
    _createCommentVNode("abc"),
    _createCommentVNode("def")
  ], 64 /* STABLE_FRAGMENT */))
}

===
name: three comments
options: default
--- INPUT ---
<!--a--><!--b--><!--c-->
--- OUTPUT ---
import { createCommentVNode as _createCommentVNode, Fragment as _Fragment, openBlock as _openBlock, createElementBlock as _createElementBlock } from "vue"

export function render(_ctx, _cache) {
  return (_openBlock(), _createElementBlock(_Fragment, null, [
    _createCommentVNode("a"),
    _createCommentVNode("b"),
    _createCommentVNode("c")
  ], 64 /* STABLE_FRAGMENT */))
}

===
name: comments with space between
options: default
--- INPUT ---
<!--a--> <!--b-->
--- OUTPUT ---
import { createCommentVNode as _createCommentVNode, Fragment as _Fragment, openBlock as _openBlock, createElementBlock as _createElementBlock } from "vue"

export function render(_ctx, _cache) {
  return (_openBlock(), _createElementBlock(_Fragment, null, [
    _createCommentVNode("a"),
    _createCommentVNode("b")
  ], 64 /* STABLE_FRAGMENT */))
}

===
name: comments with text between
options: default
--- INPUT ---
<!--a-->text<!--b-->
--- OUTPUT ---
import { createCommentVNode as _createCommentVNode, createTextVNode as _createTextVNode, Fragment as _Fragment, openBlock as _openBlock, createElementBlock as _createElementBlock } from "vue"

export function render(_ctx, _cache) {
  return (_openBlock(), _createElementBlock(_Fragment, null, [
    _createCommentVNode("a"),
    _createTextVNode("text"),
    _createCommentVNode("b")
  ], 2112 /* STABLE_FRAGMENT, DEV_ROOT_FRAGMENT */))
}

===
name: comments with newline between
options: default
--- INPUT ---
<!--a-->
<!--b-->
--- OUTPUT ---
import { createCommentVNode as _createCommentVNode, Fragment as _Fragment, openBlock as _openBlock, createElementBlock as _createElementBlock } from "vue"

export function render(_ctx, _cache) {
  return (_openBlock(), _createElementBlock(_Fragment, null, [
    _createCommentVNode("a"),
    _createCommentVNode("b")
  ], 64 /* STABLE_FRAGMENT */))
}

===
name: comment in element
options: default
--- INPUT ---
<div><!-- comment --></div>
--- OUTPUT ---
import { createCommentVNode as _createCommentVNode, openBlock as _openBlock, createElementBlock as _createElementBlock } from "vue"

export function render(_ctx, _cache) {
  return (_openBlock(), _createElementBlock("div", null, [
    _createCommentVNode(" comment ")
  ]))
}

===
name: comment at start of element
options: default
--- INPUT ---
<div><!-- comment -->text</div>
--- OUTPUT ---
import { createCommentVNode as _createCommentVNode, createTextVNode as _createTextVNode, openBlock as _openBlock, createElementBlock as _createElementBlock } from "vue"

export function render(_ctx, _cache) {
  return (_openBlock(), _createElementBlock("div", null, [
    _createCommentVNode(" comment "),
    _createTextVNode("text")
  ]))
}

===
name: comment at end of element
options: default
--- INPUT ---
<div>text<!-- comment --></div>
--- OUTPUT ---
import { createCommentVNode as _createCommentVNode, createTextVNode as _createTextVNode, openBlock as _openBlock, createElementBlock as _createElementBlock } from "vue"

export function render(_ctx, _cache) {
  return (_openBlock(), _createElementBlock("div", null, [
    _createTextVNode("text"),
    _createCommentVNode(" comment ")
  ]))
}

===
name: comment between elements
options: default
--- INPUT ---
<div></div><!-- comment --><span></span>
--- OUTPUT ---
import { createElementVNode as _createElementVNode, createCommentVNode as _createCommentVNode, Fragment as _Fragment, openBlock as _openBlock, createElementBlock as _createElementBlock } from "vue"

export function render(_ctx, _cache) {
  return (_openBlock(), _createElementBlock(_Fragment, null, [
    _createElementVNode("div"),
    _createCommentVNode(" comment "),
    _createElementVNode("span")
  ], 64 /* STABLE_FRAGMENT */))
}

===
name: comment before element
options: default
--- INPUT ---
<!-- comment --><div></div>
--- OUTPUT ---
import { createCommentVNode as _createCommentVNode, createElementVNode as _createElementVNode, Fragment as _Fragment, openBlock as _openBlock, createElementBlock as _createElementBlock } from "vue"

export function render(_ctx, _cache) {
  return (_openBlock(), _createElementBlock(_Fragment, null, [
    _createCommentVNode(" comment "),
    _createElementVNode("div")
  ], 2112 /* STABLE_FRAGMENT, DEV_ROOT_FRAGMENT */))
}

===
name: comment after element
options: default
--- INPUT ---
<div></div><!-- comment -->
--- OUTPUT ---
import { createElementVNode as _createElementVNode, createCommentVNode as _createCommentVNode, Fragment as _Fragment, openBlock as _openBlock, createElementBlock as _createElementBlock } from "vue"

export function render(_ctx, _cache) {
  return (_openBlock(), _createElementBlock(_Fragment, null, [
    _createElementVNode("div"),
    _createCommentVNode(" comment ")
  ], 2112 /* STABLE_FRAGMENT, DEV_ROOT_FRAGMENT */))
}

===
name: comment between text
options: default
--- INPUT ---
before<!-- comment -->after
--- OUTPUT ---
import { createCommentVNode as _createCommentVNode, createTextVNode as _createTextVNode, Fragment as _Fragment, openBlock as _openBlock, createElementBlock as _createElementBlock } from "vue"

export function render(_ctx, _cache) {
  return (_openBlock(), _createElementBlock(_Fragment, null, [
    _createTextVNode("before"),
    _createCommentVNode(" comment "),
    _createTextVNode("after")
  ], 64 /* STABLE_FRAGMENT */))
}

===
name: comment in nested element
options: default
--- INPUT ---
<div><span><!-- comment --></span></div>
--- OUTPUT ---
import { createCommentVNode as _createCommentVNode, createElementVNode as _createElementVNode, openBlock as _openBlock, createElementBlock as _createElementBlock } from "vue"

export function render(_ctx, _cache) {
  return (_openBlock(), _createElementBlock("div", null, [
    _createElementVNode("span", null, [
      _createCommentVNode(" comment ")
    ])
  ]))
}

===
name: comment between v-if branches
options: default
--- INPUT ---
<div v-if="ok"/><!-- comment --><div v-else/>
--- OUTPUT ---
import { openBlock as _openBlock, createElementBlock as _createElementBlock, createCommentVNode as _createCommentVNode, createElementVNode as _createElementVNode, Fragment as _Fragment } from "vue"

export function render(_ctx, _cache) {
  return (_ctx.ok)
    ? (_openBlock(), _createElementBlock("div", { key: 0 }))
    : (_openBlock(), _createElementBlock(_Fragment, { key: 1 }, [
        _createCommentVNode(" comment "),
        _createElementVNode("div")
      ], 2112 /* STABLE_FRAGMENT, DEV_ROOT_FRAGMENT */))
}

===
name: comment in sibling elements
options: default
--- INPUT ---
<ul><li>1</li><!-- comment --><li>2</li></ul>
--- OUTPUT ---
import { createElementVNode as _createElementVNode, createCommentVNode as _createCommentVNode, openBlock as _openBlock, createElementBlock as _createElementBlock } from "vue"

export function render(_ctx, _cache) {
  return (_openBlock(), _createElementBlock("ul", null, [
    _createElementVNode("li", null, "1"),
    _createCommentVNode(" comment "),
    _createElementVNode("li", null, "2")
  ]))
}

===
name: comment with special characters
options: default
--- INPUT ---
<!-- <div> test & stuff -->
--- OUTPUT ---
import { createCommentVNode as _createCommentVNode } from "vue"

export function render(_ctx, _cache) {
  return _createCommentVNode(" <div> test & stuff ")
}

===
name: comment with HTML-like content
options: default
--- INPUT ---
<!-- <div class='foo'>bar</div> -->
--- OUTPUT ---
import { createCommentVNode as _createCommentVNode } from "vue"

export function render(_ctx, _cache) {
  return _createCommentVNode(" <div class='foo'>bar</div> ")
}

===
name: comment with interpolation-like content
options: default
--- INPUT ---
<!-- {{ message }} -->
--- OUTPUT ---
import { createCommentVNode as _createCommentVNode } from "vue"

export function render(_ctx, _cache) {
  return _createCommentVNode(" {{ message }} ")
}

===
name: comment with directive-like content
options: default
--- INPUT ---
<!-- v-if='show' -->
--- OUTPUT ---
import { createCommentVNode as _createCommentVNode } from "vue"

export function render(_ctx, _cache) {
  return _createCommentVNode(" v-if='show' ")
}

===
name: comment with angle brackets
options: default
--- INPUT ---
<!-- < and > -->
--- OUTPUT ---
import { createCommentVNode as _createCommentVNode } from "vue"

export function render(_ctx, _cache) {
  return _createCommentVNode(" < and > ")
}

===
name: comment with ampersand
options: default
--- INPUT ---
<!-- & and &amp; -->
--- OUTPUT ---
import { createCommentVNode as _createCommentVNode } from "vue"

export function render(_ctx, _cache) {
  return _createCommentVNode(" & and &amp; ")
}

===
name: comment with quotes
options: default
--- INPUT ---
<!-- quoted and single -->
--- OUTPUT ---
import { createCommentVNode as _createCommentVNode } from "vue"

export function render(_ctx, _cache) {
  return _createCommentVNode(" quoted and single ")
}

===
name: comment with equals
options: default
--- INPUT ---
<!-- foo=bar -->
--- OUTPUT ---
import { createCommentVNode as _createCommentVNode } from "vue"

export function render(_ctx, _cache) {
  return _createCommentVNode(" foo=bar ")
}

===
name: comment with dashes
options: default
--- INPUT ---
<!-- hello - world -->
--- OUTPUT ---
import { createCommentVNode as _createCommentVNode } from "vue"

export function render(_ctx, _cache) {
  return _createCommentVNode(" hello - world ")
}

===
name: comment with newlines
options: default
--- INPUT ---
<!--
multi
line
-->
--- OUTPUT ---
import { createCommentVNode as _createCommentVNode } from "vue"

export function render(_ctx, _cache) {
  return _createCommentVNode("\nmulti\nline\n")
}

===
name: comment with newline at start
options: default
--- INPUT ---
<!--
comment-->
--- OUTPUT ---
import { createCommentVNode as _createCommentVNode } from "vue"

export function render(_ctx, _cache) {
  return _createCommentVNode("\ncomment")
}

===
name: comment with newline at end
options: default
--- INPUT ---
<!--comment
-->
--- OUTPUT ---
import { createCommentVNode as _createCommentVNode } from "vue"

export function render(_ctx, _cache) {
  return _createCommentVNode("comment\n")
}

===
name: comment with indentation
options: default
--- INPUT ---
<!--
  indented
    content
-->
--- OUTPUT ---
import { createCommentVNode as _createCommentVNode } from "vue"

export function render(_ctx, _cache) {
  return _createCommentVNode("\n  indented\n    content\n")
}

===
name: comment with many lines
options: default
--- INPUT ---
<!--
line 1
line 2
line 3
line 4
line 5
-->
--- OUTPUT ---
import { createCommentVNode as _createCommentVNode } from "vue"

export function render(_ctx, _cache) {
  return _createCommentVNode("\nline 1\nline 2\nline 3\nline 4\nline 5\n")
}

===
name: todo comment
options: default
--- INPUT ---
<!-- TODO: fix this -->
--- OUTPUT ---
import { createCommentVNode as _createCommentVNode } from "vue"

export function render(_ctx, _cache) {
  return _createCommentVNode(" TODO: fix this ")
}

===
name: fixme comment
options: default
--- INPUT ---
<!-- FIXME: broken -->
--- OUTPUT ---
import { createCommentVNode as _createCommentVNode } from "vue"

export function render(_ctx, _cache) {
  return _createCommentVNode(" FIXME: broken ")
}

===
name: note comment
options: default
--- INPUT ---
<!-- NOTE: important -->
--- OUTPUT ---
import { createCommentVNode as _createCommentVNode } from "vue"

export function render(_ctx, _cache) {
  return _createCommentVNode(" NOTE: important ")
}

===
name: comment with url
options: default
--- INPUT ---
<!-- See: https://vuejs.org -->
--- OUTPUT ---
import { createCommentVNode as _createCommentVNode } from "vue"

export function render(_ctx, _cache) {
  return _createCommentVNode(" See: https://vuejs.org ")
}

===
name: comment with code
options: default
--- INPUT ---
<!-- const x = 1; -->
--- OUTPUT ---
import { createCommentVNode as _createCommentVNode } from "vue"

export function render(_ctx, _cache) {
  return _createCommentVNode(" const x = 1; ")
}

===
name: jsdoc-like comment
options: default
--- INPUT ---
<!-- @param {string} name -->
--- OUTPUT ---
import { createCommentVNode as _createCommentVNode } from "vue"

export function render(_ctx, _cache) {
  return _createCommentVNode(" @param {string} name ")
}

===
name: comment with emoji
options: default
--- INPUT ---
<!-- TODO: fix bug 🐛 -->
--- OUTPUT ---
import { createCommentVNode as _createCommentVNode } from "vue"

export function render(_ctx, _cache) {
  return _createCommentVNode(" TODO: fix bug 🐛 ")
}

===
name: comment with unicode
options: default
--- INPUT ---
<!-- 日本語コメント -->
--- OUTPUT ---
import { createCommentVNode as _createCommentVNode } from "vue"

export function render(_ctx, _cache) {
  return _createCommentVNode(" 日本語コメント ")
}

===
name: comment that looks like closing
options: default
--- INPUT ---
<!-- -- -->
--- OUTPUT ---
import { createCommentVNode as _createCommentVNode } from "vue"

export function render(_ctx, _cache) {
  return _createCommentVNode(" -- ")
}

===
name: comment with multiple dashes
options: default
--- INPUT ---
<!-- ---- -->
--- OUTPUT ---
import { createCommentVNode as _createCommentVNode } from "vue"

export function render(_ctx, _cache) {
  return _createCommentVNode(" ---- ")
}

===
name: very long comment
options: default
--- INPUT ---
<!-- This is a very long comment that contains a lot of text to test how the parser handles longer comment content in the template -->
--- OUTPUT ---
import { createCommentVNode as _createCommentVNode } from "vue"

export function render(_ctx, _cache) {
  return _createCommentVNode(" This is a very long comment that contains a lot of text to test how the parser handles longer comment content in the template ")
}

===
name: comment only template
options: default
--- INPUT ---
<!-- only comment -->
--- OUTPUT ---
import { createCommentVNode as _createCommentVNode } from "vue"

export function render(_ctx, _cache) {
  return _createCommentVNode(" only comment ")
}

===
name: nested comment markers (invalid but handled)
options: default
--- INPUT ---
<!-- outer <!-- inner --> outer -->
--- OUTPUT ---
import { createCommentVNode as _createCommentVNode, createTextVNode as _createTextVNode, Fragment as _Fragment, openBlock as _openBlock, createElementBlock as _createElementBlock } from "vue"

export function render(_ctx, _cache) {
  return (_openBlock(), _createElementBlock(_Fragment, null, [
    _createCommentVNode(" outer <!-- inner "),
    _createTextVNode(" outer -->")
  ], 2112 /* STABLE_FRAGMENT, DEV_ROOT_FRAGMENT */))
}

===
name: comment in script-like context
options: default
errors: Tags with side effect (<script> and <style>) are ignored in client component templates.
--- INPUT ---
<script><!-- not parsed --></script>
--- OUTPUT ---

export function render(_ctx, _cache) {
  return null
}

===
name: comment in style-like context
options: default
errors: Tags with side effect (<script> and <style>) are ignored in client component templates.
--- INPUT ---
<style><!-- not parsed --></style>
--- OUTPUT ---

export function render(_ctx, _cache) {
  return null
}

===
name: IE conditional comment start
options: default
--- INPUT ---
<!--[if IE]><p>IE only</p><![endif]-->
--- OUTPUT ---
import { createCommentVNode as _createCommentVNode } from "vue"

export function render(_ctx, _cache) {
  return _createCommentVNode("[if IE]><p>IE only</p><![endif]")
}

===
name: comment with brackets
options: default
--- INPUT ---
<!-- [condition] -->
--- OUTPUT ---
import { createCommentVNode as _createCommentVNode } from "vue"

export function render(_ctx, _cache) {
  return _createCommentVNode(" [condition] ")
}

===
name: comment between v-if and v-else
options: default
--- INPUT ---
<div v-if="a"/>
<!--comment-->
<div v-else/>
--- OUTPUT ---
import { openBlock as _openBlock, createElementBlock as _createElementBlock, createCommentVNode as _createCommentVNode, createElementVNode as _createElementVNode, Fragment as _Fragment } from "vue"

export function render(_ctx, _cache) {
  return (_ctx.a)
    ? (_openBlock(), _createElementBlock("div", { key: 0 }))
    : (_openBlock(), _createElementBlock(_Fragment, { key: 1 }, [
        _createCommentVNode("comment"),
        _createElementVNode("div")
      ], 2112 /* STABLE_FRAGMENT, DEV_ROOT_FRAGMENT */))
}

===
name: comment between v-else-if branches
options: default
--- INPUT ---
<div v-if="a">A</div>
<!--comment-->
<div v-else-if="b">B</div>
<!--another-->
<div v-else>C</div>
--- OUTPUT ---
import { openBlock as _openBlock, createElementBlock as _createElementBlock, createCommentVNode as _createCommentVNode, createElementVNode as _createElementVNode, Fragment as _Fragment } from "vue"

export function render(_ctx, _cache) {
  return (_ctx.a)
    ? (_openBlock(), _createElementBlock("div", { key: 0 }, "A"))
    : (_ctx.b)
      ? (_openBlock(), _createElementBlock(_Fragment, { key: 1 }, [
          _createCommentVNode("comment"),
          _createElementVNode("div", null, "B")
        ], 2112 /* STABLE_FRAGMENT, DEV_ROOT_FRAGMENT */))
      : (_openBlock(), _createElementBlock(_Fragment, { key: 2 }, [
          _createCommentVNode("another"),
          _createElementVNode("div", null, "C")
        ], 2112 /* STABLE_FRAGMENT, DEV_ROOT_FRAGMENT */))
}
