===
name: simple text
options: default
--- INPUT ---
some text
--- OUTPUT ---

export function render(_ctx, _cache) {
  return "some text"
}

===
name: single word
options: default
--- INPUT ---
hello
--- OUTPUT ---

export function render(_ctx, _cache) {
  return "hello"
}

===
name: single character
options: default
--- INPUT ---
a
--- OUTPUT ---

export function render(_ctx, _cache) {
  return "a"
}

===
name: empty string between elements
options: default
--- INPUT ---
<div></div><span></span>
--- OUTPUT ---
import { createElementVNode as _createElementVNode, Fragment as _Fragment, openBlock as _openBlock, createElementBlock as _createElementBlock } from "vue"

export function render(_ctx, _cache) {
  return (_openBlock(), _createElementBlock(_Fragment, null, [
    _createElementVNode("div"),
    _createElementVNode("span")
  ], 64 /* STABLE_FRAGMENT */))
}

===
name: text with leading whitespace
options: default
--- INPUT ---
  hello
--- OUTPUT ---

export function render(_ctx, _cache) {
  return " hello"
}

===
name: text with trailing whitespace
options: default
--- INPUT ---
hello  
--- OUTPUT ---

export function render(_ctx, _cache) {
  return "hello "
}

===
name: text with whitespace
options: default
--- INPUT ---
  hello world  
--- OUTPUT ---

export function render(_ctx, _cache) {
  return " hello world "
}

===
name: text with multiple spaces
options: default
--- INPUT ---
hello    world
--- OUTPUT ---

export function render(_ctx, _cache) {
  return "hello world"
}

===
name: text with newlines
options: default
--- INPUT ---
line1
line2
--- OUTPUT ---

export function render(_ctx, _cache) {
  return "line1 line2"
}

===
name: text with multiple newlines
options: default
--- INPUT ---
line1

line2
--- OUTPUT ---

export function render(_ctx, _cache) {
  return "line1 line2"
}

===
name: text with tabs
options: default
--- INPUT ---
hello	world
--- OUTPUT ---

export function render(_ctx, _cache) {
  return "hello world"
}

===
name: text with mixed whitespace
options: default
--- INPUT ---
  hello 
	 world  
--- OUTPUT ---

export function render(_ctx, _cache) {
  return " hello world "
}

===
name: only whitespace
options: default
--- INPUT ---
   
--- OUTPUT ---

export function render(_ctx, _cache) {
  return null
}

===
name: only newline
options: default
--- INPUT ---


--- OUTPUT ---

export function render(_ctx, _cache) {
  return null
}

===
name: only tabs
options: default
--- INPUT ---
		
--- OUTPUT ---

export function render(_ctx, _cache) {
  return null
}

===
name: text with interpolation
options: default
--- INPUT ---
some {{ foo }} text
--- OUTPUT ---
import { toDisplayString as _toDisplayString } from "vue"

export function render(_ctx, _cache) {
  return "some " + _toDisplayString(_ctx.foo) + " text"
}

===
name: text before interpolation
options: default
--- INPUT ---
prefix {{ value }}
--- OUTPUT ---
import { toDisplayString as _toDisplayString } from "vue"

export function render(_ctx, _cache) {
  return "prefix " + _toDisplayString(_ctx.value)
}

===
name: text after interpolation
options: default
--- INPUT ---
{{ value }} suffix
--- OUTPUT ---
import { toDisplayString as _toDisplayString } from "vue"

export function render(_ctx, _cache) {
  return _toDisplayString(_ctx.value) + " suffix"
}

===
name: text between interpolations
options: default
--- INPUT ---
{{ a }} middle {{ b }}
--- OUTPUT ---
import { toDisplayString as _toDisplayString } from "vue"

export function render(_ctx, _cache) {
  return _toDisplayString(_ctx.a) + " middle " + _toDisplayString(_ctx.b)
}

===
name: text with multiple interpolations
options: default
--- INPUT ---
Hello {{ firstName }} {{ lastName }}!
--- OUTPUT ---
import { toDisplayString as _toDisplayString } from "vue"

export function render(_ctx, _cache) {
  return "Hello " + _toDisplayString(_ctx.firstName) + " " + _toDisplayString(_ctx.lastName) + "!"
}

===
name: mixed text and interpolation complex
options: default
--- INPUT ---
The {{ item }} costs ${{ price }} ({{ quantity }} available)
--- OUTPUT ---
import { toDisplayString as _toDisplayString } from "vue"

export function render(_ctx, _cache) {
  return "The " + _toDisplayString(_ctx.item) + " costs $" + _toDisplayString(_ctx.price) + " (" + _toDisplayString(_ctx.quantity) + " available)"
}

===
name: text in element
options: default
--- INPUT ---
<div>hello</div>
--- OUTPUT ---
import { openBlock as _openBlock, createElementBlock as _createElementBlock } from "vue"

export function render(_ctx, _cache) {
  return (_openBlock(), _createElementBlock("div", null, "hello"))
}

===
name: text in nested element
options: default
--- INPUT ---
<div><span>hello</span></div>
--- OUTPUT ---
import { createElementVNode as _createElementVNode, openBlock as _openBlock, createElementBlock as _createElementBlock } from "vue"

export function render(_ctx, _cache) {
  return (_openBlock(), _createElementBlock("div", null, [
    _createElementVNode("span", null, "hello")
  ]))
}

===
name: text in deeply nested element
options: default
--- INPUT ---
<div><p><span>hello</span></p></div>
--- OUTPUT ---
import { createElementVNode as _createElementVNode, openBlock as _openBlock, createElementBlock as _createElementBlock } from "vue"

export function render(_ctx, _cache) {
  return (_openBlock(), _createElementBlock("div", null, [
    _createElementVNode("p", null, [
      _createElementVNode("span", null, "hello")
    ])
  ]))
}

===
name: text in sibling elements
options: default
--- INPUT ---
<div>a</div><span>b</span>
--- OUTPUT ---
import { createElementVNode as _createElementVNode, Fragment as _Fragment, openBlock as _openBlock, createElementBlock as _createElementBlock } from "vue"

export function render(_ctx, _cache) {
  return (_openBlock(), _createElementBlock(_Fragment, null, [
    _createElementVNode("div", null, "a"),
    _createElementVNode("span", null, "b")
  ], 64 /* STABLE_FRAGMENT */))
}

===
name: text with sibling element
options: default
--- INPUT ---
<div>hello<span>world</span></div>
--- OUTPUT ---
import { createElementVNode as _createElementVNode, createTextVNode as _createTextVNode, openBlock as _openBlock, createElementBlock as _createElementBlock } from "vue"

export function render(_ctx, _cache) {
  return (_openBlock(), _createElementBlock("div", null, [
    _createTextVNode("hello"),
    _createElementVNode("span", null, "world")
  ]))
}

===
name: text between sibling elements
options: default
--- INPUT ---
<div><span>a</span> and <span>b</span></div>
--- OUTPUT ---
import { createElementVNode as _createElementVNode, createTextVNode as _createTextVNode, openBlock as _openBlock, createElementBlock as _createElementBlock } from "vue"

export function render(_ctx, _cache) {
  return (_openBlock(), _createElementBlock("div", null, [
    _createElementVNode("span", null, "a"),
    _createTextVNode(" and "),
    _createElementVNode("span", null, "b")
  ]))
}

===
name: multiple text nodes
options: default
--- INPUT ---
text1<div></div>text2
--- OUTPUT ---
import { createElementVNode as _createElementVNode, createTextVNode as _createTextVNode, Fragment as _Fragment, openBlock as _openBlock, createElementBlock as _createElementBlock } from "vue"

export function render(_ctx, _cache) {
  return (_openBlock(), _createElementBlock(_Fragment, null, [
    _createTextVNode("text1"),
    _createElementVNode("div"),
    _createTextVNode("text2")
  ], 64 /* STABLE_FRAGMENT */))
}

===
name: text nodes around void element
options: default
--- INPUT ---
before<br>after
--- OUTPUT ---
import { createElementVNode as _createElementVNode, createTextVNode as _createTextVNode, Fragment as _Fragment, openBlock as _openBlock, createElementBlock as _createElementBlock } from "vue"

export function render(_ctx, _cache) {
  return (_openBlock(), _createElementBlock(_Fragment, null, [
    _createTextVNode("before"),
    _createElementVNode("br"),
    _createTextVNode("after")
  ], 64 /* STABLE_FRAGMENT */))
}

===
name: text nodes around multiple elements
options: default
--- INPUT ---
a<div></div>b<span></span>c
--- OUTPUT ---
import { createElementVNode as _createElementVNode, createTextVNode as _createTextVNode, Fragment as _Fragment, openBlock as _openBlock, createElementBlock as _createElementBlock } from "vue"

export function render(_ctx, _cache) {
  return (_openBlock(), _createElementBlock(_Fragment, null, [
    _createTextVNode("a"),
    _createElementVNode("div"),
    _createTextVNode("b"),
    _createElementVNode("span"),
    _createTextVNode("c")
  ], 64 /* STABLE_FRAGMENT */))
}

===
name: text around self-closing
options: default
--- INPUT ---
before<input/>after
--- OUTPUT ---
import { createElementVNode as _createElementVNode, createTextVNode as _createTextVNode, Fragment as _Fragment, openBlock as _openBlock, createElementBlock as _createElementBlock } from "vue"

export function render(_ctx, _cache) {
  return (_openBlock(), _createElementBlock(_Fragment, null, [
    _createTextVNode("before"),
    _createElementVNode("input"),
    _createTextVNode("after")
  ], 64 /* STABLE_FRAGMENT */))
}

===
name: text with entities
options: default
--- INPUT ---
&lt;hello&gt;
--- OUTPUT ---

export function render(_ctx, _cache) {
  return "<hello>"
}

===
name: text with nbsp
options: default
--- INPUT ---
hello&nbsp;world
--- OUTPUT ---

export function render(_ctx, _cache) {
  return "hello world"
}

===
name: text with amp
options: default
--- INPUT ---
Tom &amp; Jerry
--- OUTPUT ---

export function render(_ctx, _cache) {
  return "Tom & Jerry"
}

===
name: text with quot
options: default
--- INPUT ---
He said &quot;hello&quot;
--- OUTPUT ---

export function render(_ctx, _cache) {
  return "He said \"hello\""
}

===
name: text with apos
options: default
--- INPUT ---
It&apos;s working
--- OUTPUT ---

export function render(_ctx, _cache) {
  return "It's working"
}

===
name: text with numeric entity
options: default
--- INPUT ---
&#65;&#66;&#67;
--- OUTPUT ---

export function render(_ctx, _cache) {
  return "ABC"
}

===
name: text with hex entity
options: default
--- INPUT ---
&#x41;&#x42;&#x43;
--- OUTPUT ---

export function render(_ctx, _cache) {
  return "ABC"
}

===
name: text with copyright symbol
options: default
--- INPUT ---
&copy; 2024
--- OUTPUT ---

export function render(_ctx, _cache) {
  return "© 2024"
}

===
name: text with registered symbol
options: default
--- INPUT ---
Vue&reg;
--- OUTPUT ---

export function render(_ctx, _cache) {
  return "Vue®"
}

===
name: text with euro symbol
options: default
--- INPUT ---
&euro;100
--- OUTPUT ---

export function render(_ctx, _cache) {
  return "€100"
}

===
name: text with multiple entities
options: default
--- INPUT ---
&lt;div&gt;&amp;&lt;/div&gt;
--- OUTPUT ---

export function render(_ctx, _cache) {
  return "<div>&</div>"
}

===
name: text with mixed entities and text
options: default
--- INPUT ---
Price: &euro;100 &amp; &pound;80
--- OUTPUT ---

export function render(_ctx, _cache) {
  return "Price: €100 & £80"
}

===
name: text with special characters
options: default
--- INPUT ---
hello!@#$%^*()_+-=[]{}|;':,./
--- OUTPUT ---

export function render(_ctx, _cache) {
  return "hello!@#$%^*()_+-=[]{}|;':,./"
}

===
name: text with unicode
options: default
--- INPUT ---
Hello 世界
--- OUTPUT ---

export function render(_ctx, _cache) {
  return "Hello 世界"
}

===
name: text with emoji
options: default
--- INPUT ---
Hello 👋 World 🌍
--- OUTPUT ---

export function render(_ctx, _cache) {
  return "Hello 👋 World 🌍"
}

===
name: text with accented characters
options: default
--- INPUT ---
café résumé naïve
--- OUTPUT ---

export function render(_ctx, _cache) {
  return "café résumé naïve"
}

===
name: text with cyrillic
options: default
--- INPUT ---
Привет мир
--- OUTPUT ---

export function render(_ctx, _cache) {
  return "Привет мир"
}

===
name: text with arabic
options: default
--- INPUT ---
مرحبا بالعالم
--- OUTPUT ---

export function render(_ctx, _cache) {
  return "مرحبا بالعالم"
}

===
name: text with japanese
options: default
--- INPUT ---
こんにちは世界
--- OUTPUT ---

export function render(_ctx, _cache) {
  return "こんにちは世界"
}

===
name: text with korean
options: default
--- INPUT ---
안녕하세요
--- OUTPUT ---

export function render(_ctx, _cache) {
  return "안녕하세요"
}

===
name: text with angle bracket followed by space
options: default
--- INPUT ---
a < b and c > d
--- OUTPUT ---

export function render(_ctx, _cache) {
  return "a < b and c > d"
}

===
name: text with lonely less than
options: default
--- INPUT ---
a < b
--- OUTPUT ---

export function render(_ctx, _cache) {
  return "a < b"
}

===
name: text that looks like tag
options: default
--- INPUT ---
< not a tag
--- OUTPUT ---

export function render(_ctx, _cache) {
  return "< not a tag"
}

===
name: text with curly braces not interpolation
options: default
--- INPUT ---
{ not interpolation }
--- OUTPUT ---

export function render(_ctx, _cache) {
  return "{ not interpolation }"
}

===
name: text with single curly
options: default
--- INPUT ---
a { b } c
--- OUTPUT ---

export function render(_ctx, _cache) {
  return "a { b } c"
}

===
name: text with triple curly
options: default
errors: Error parsing JavaScript expression: Unexpected token, expected "," (1:7)
--- INPUT ---
{{{ not interpolation }}}
--- OUTPUT ---
import { toDisplayString as _toDisplayString } from "vue"

export function render(_ctx, _cache) {
  return _toDisplayString({ not interpolation) + "}"
}

===
name: very long text
options: default
--- INPUT ---
Lorem ipsum dolor sit amet, consectetur adipiscing elit. Sed do eiusmod tempor incididunt ut labore et dolore magna aliqua. Ut enim ad minim veniam, quis nostrud exercitation ullamco laboris.
--- OUTPUT ---

export function render(_ctx, _cache) {
  return "Lorem ipsum dolor sit amet, consectetur adipiscing elit. Sed do eiusmod tempor incididunt ut labore et dolore magna aliqua. Ut enim ad minim veniam, quis nostrud exercitation ullamco laboris."
}

===
name: text with url
options: default
--- INPUT ---
Visit https://vuejs.org for more info
--- OUTPUT ---

export function render(_ctx, _cache) {
  return "Visit https://vuejs.org for more info"
}

===
name: text with email
options: default
--- INPUT ---
Contact us at support@example.com
--- OUTPUT ---

export function render(_ctx, _cache) {
  return "Contact us at support@example.com"
}

===
name: text with code-like content
options: default
--- INPUT ---
Use const x = 1; to declare
--- OUTPUT ---

export function render(_ctx, _cache) {
  return "Use const x = 1; to declare"
}

===
name: text with html-like but invalid
options: default
--- INPUT ---
<123>invalid</123>
--- OUTPUT ---
import { createCommentVNode as _createCommentVNode, createTextVNode as _createTextVNode, Fragment as _Fragment, openBlock as _openBlock, createElementBlock as _createElementBlock } from "vue"

export function render(_ctx, _cache) {
  return (_openBlock(), _createElementBlock(_Fragment, null, [
    _createTextVNode("<123>invalid"),
    _createCommentVNode("123")
  ], 2112 /* STABLE_FRAGMENT, DEV_ROOT_FRAGMENT */))
}

===
name: text in pre element
options: default
--- INPUT ---
<pre>  preserved  </pre>
--- OUTPUT ---
import { openBlock as _openBlock, createElementBlock as _createElementBlock } from "vue"

export function render(_ctx, _cache) {
  return (_openBlock(), _createElementBlock("pre", null, "  preserved  "))
}

===
name: multiline text in pre
options: default
--- INPUT ---
<pre>line 1
  line 2
    line 3</pre>
--- OUTPUT ---
import { openBlock as _openBlock, createElementBlock as _createElementBlock } from "vue"

export function render(_ctx, _cache) {
  return (_openBlock(), _createElementBlock("pre", null, "line 1\n  line 2\n    line 3"))
}

===
name: text with code in pre
options: default
--- INPUT ---
<pre><code>function() { return 1; }</code></pre>
--- OUTPUT ---
import { createElementVNode as _createElementVNode, openBlock as _openBlock, createElementBlock as _createElementBlock } from "vue"

export function render(_ctx, _cache) {
  return (_openBlock(), _createElementBlock("pre", null, [
    _createElementVNode("code", null, "function() { return 1; }")
  ]))
}

===
name: text in textarea
options: default
--- INPUT ---
<textarea>content here</textarea>
--- OUTPUT ---
import { openBlock as _openBlock, createElementBlock as _createElementBlock } from "vue"

export function render(_ctx, _cache) {
  return (_openBlock(), _createElementBlock("textarea", null, "content here"))
}

===
name: multiline text in textarea
options: default
--- INPUT ---
<textarea>line 1
line 2</textarea>
--- OUTPUT ---
import { openBlock as _openBlock, createElementBlock as _createElementBlock } from "vue"

export function render(_ctx, _cache) {
  return (_openBlock(), _createElementBlock("textarea", null, "line 1\nline 2"))
}

===
name: html-like text in textarea
options: default
--- INPUT ---
<textarea><div>not an element</div></textarea>
--- OUTPUT ---
import { openBlock as _openBlock, createElementBlock as _createElementBlock } from "vue"

export function render(_ctx, _cache) {
  return (_openBlock(), _createElementBlock("textarea", null, "<div>not an element</div>"))
}
